Archive member included to satisfy reference by file (symbol)

d:/dev/intel/18.1/nios2eds/bin/gnu/h-x86_64-mingw32/bin/../lib/gcc/nios2-elf/5.3.0\libgcc.a(lib2-divmod.o)
                              obj/default/main.o (__modsi3)
d:/dev/intel/18.1/nios2eds/bin/gnu/h-x86_64-mingw32/bin/../lib/gcc/nios2-elf/5.3.0/../../../../../H-x86_64-mingw32/nios2-elf/lib\libsmallc.a(lib_a-puts.o)
                              obj/default/main.o (puts)
d:/dev/intel/18.1/nios2eds/bin/gnu/h-x86_64-mingw32/bin/../lib/gcc/nios2-elf/5.3.0/../../../../../H-x86_64-mingw32/nios2-elf/lib\libsmallc.a(lib_a-rand.o)
                              obj/default/main.o (rand)
d:/dev/intel/18.1/nios2eds/bin/gnu/h-x86_64-mingw32/bin/../lib/gcc/nios2-elf/5.3.0/../../../../../H-x86_64-mingw32/nios2-elf/lib\libsmallc.a(lib_a-strlen.o)
                              d:/dev/intel/18.1/nios2eds/bin/gnu/h-x86_64-mingw32/bin/../lib/gcc/nios2-elf/5.3.0/../../../../../H-x86_64-mingw32/nios2-elf/lib\libsmallc.a(lib_a-puts.o) (strlen)
d:/dev/intel/18.1/nios2eds/bin/gnu/h-x86_64-mingw32/bin/../lib/gcc/nios2-elf/5.3.0/../../../../../H-x86_64-mingw32/nios2-elf/lib\libsmallc.a(lib_a-fvwrite_small_dev.o)
                              d:/dev/intel/18.1/nios2eds/bin/gnu/h-x86_64-mingw32/bin/../lib/gcc/nios2-elf/5.3.0/../../../../../H-x86_64-mingw32/nios2-elf/lib\libsmallc.a(lib_a-puts.o) (__sfvwrite_small_dev)
d:/dev/intel/18.1/nios2eds/bin/gnu/h-x86_64-mingw32/bin/../lib/gcc/nios2-elf/5.3.0/../../../../../H-x86_64-mingw32/nios2-elf/lib\libsmallc.a(lib_a-impure.o)
                              d:/dev/intel/18.1/nios2eds/bin/gnu/h-x86_64-mingw32/bin/../lib/gcc/nios2-elf/5.3.0/../../../../../H-x86_64-mingw32/nios2-elf/lib\libsmallc.a(lib_a-puts.o) (_impure_ptr)
d:/dev/intel/18.1/nios2eds/bin/gnu/h-x86_64-mingw32/bin/../lib/gcc/nios2-elf/5.3.0/../../../../../H-x86_64-mingw32/nios2-elf/lib\libsmallc.a(lib_a-writer.o)
                              d:/dev/intel/18.1/nios2eds/bin/gnu/h-x86_64-mingw32/bin/../lib/gcc/nios2-elf/5.3.0/../../../../../H-x86_64-mingw32/nios2-elf/lib\libsmallc.a(lib_a-fvwrite_small_dev.o) (_write_r)
d:/dev/intel/18.1/nios2eds/bin/gnu/h-x86_64-mingw32/bin/../lib/gcc/nios2-elf/5.3.0/../../../../../H-x86_64-mingw32/nios2-elf/lib\libsmallc.a(lib_a-int_errno.o)
                              d:/dev/intel/18.1/nios2eds/bin/gnu/h-x86_64-mingw32/bin/../lib/gcc/nios2-elf/5.3.0/../../../../../H-x86_64-mingw32/nios2-elf/lib\libsmallc.a(lib_a-writer.o) (errno)
d:/dev/intel/18.1/nios2eds/bin/gnu/h-x86_64-mingw32/bin/../lib/gcc/nios2-elf/5.3.0\libgcc.a(_muldi3.o)
                              d:/dev/intel/18.1/nios2eds/bin/gnu/h-x86_64-mingw32/bin/../lib/gcc/nios2-elf/5.3.0/../../../../../H-x86_64-mingw32/nios2-elf/lib\libsmallc.a(lib_a-rand.o) (__muldi3)
../test_frame_buffer_bsp/\libhal_bsp.a(alt_main.o)
                              ../test_frame_buffer_bsp//obj/HAL/src/crt0.o (alt_main)
../test_frame_buffer_bsp/\libhal_bsp.a(alt_write.o)
                              d:/dev/intel/18.1/nios2eds/bin/gnu/h-x86_64-mingw32/bin/../lib/gcc/nios2-elf/5.3.0/../../../../../H-x86_64-mingw32/nios2-elf/lib\libsmallc.a(lib_a-writer.o) (write)
../test_frame_buffer_bsp/\libhal_bsp.a(alt_sys_init.o)
                              ../test_frame_buffer_bsp/\libhal_bsp.a(alt_main.o) (alt_irq_init)
../test_frame_buffer_bsp/\libhal_bsp.a(altera_avalon_jtag_uart_fd.o)
                              ../test_frame_buffer_bsp/\libhal_bsp.a(alt_sys_init.o) (altera_avalon_jtag_uart_read_fd)
../test_frame_buffer_bsp/\libhal_bsp.a(altera_avalon_jtag_uart_read.o)
                              ../test_frame_buffer_bsp/\libhal_bsp.a(altera_avalon_jtag_uart_fd.o) (altera_avalon_jtag_uart_read)
../test_frame_buffer_bsp/\libhal_bsp.a(altera_avalon_jtag_uart_write.o)
                              ../test_frame_buffer_bsp/\libhal_bsp.a(altera_avalon_jtag_uart_fd.o) (altera_avalon_jtag_uart_write)
../test_frame_buffer_bsp/\libhal_bsp.a(altera_up_avalon_video_pixel_buffer_dma.o)
                              obj/default/main.o (alt_up_pixel_buffer_dma_open_dev)
../test_frame_buffer_bsp/\libhal_bsp.a(alt_close.o)
                              ../test_frame_buffer_bsp/\libhal_bsp.a(alt_main.o) (close)
../test_frame_buffer_bsp/\libhal_bsp.a(alt_dev.o)
                              ../test_frame_buffer_bsp/\libhal_bsp.a(alt_write.o) (alt_fd_list)
../test_frame_buffer_bsp/\libhal_bsp.a(alt_dev_llist_insert.o)
                              ../test_frame_buffer_bsp/\libhal_bsp.a(alt_sys_init.o) (alt_dev_llist_insert)
../test_frame_buffer_bsp/\libhal_bsp.a(alt_do_ctors.o)
                              ../test_frame_buffer_bsp/\libhal_bsp.a(alt_main.o) (_do_ctors)
../test_frame_buffer_bsp/\libhal_bsp.a(alt_do_dtors.o)
                              ../test_frame_buffer_bsp/\libhal_bsp.a(alt_main.o) (_do_dtors)
../test_frame_buffer_bsp/\libhal_bsp.a(alt_errno.o)
                              ../test_frame_buffer_bsp/\libhal_bsp.a(alt_write.o) (alt_errno)
../test_frame_buffer_bsp/\libhal_bsp.a(alt_find_dev.o)
                              ../test_frame_buffer_bsp/\libhal_bsp.a(altera_up_avalon_video_pixel_buffer_dma.o) (alt_find_dev)
../test_frame_buffer_bsp/\libhal_bsp.a(alt_io_redirect.o)
                              ../test_frame_buffer_bsp/\libhal_bsp.a(alt_main.o) (alt_io_redirect)
../test_frame_buffer_bsp/\libhal_bsp.a(alt_open.o)
                              ../test_frame_buffer_bsp/\libhal_bsp.a(alt_io_redirect.o) (open)
../test_frame_buffer_bsp/\libhal_bsp.a(alt_release_fd.o)
                              ../test_frame_buffer_bsp/\libhal_bsp.a(alt_close.o) (alt_release_fd)
../test_frame_buffer_bsp/\libhal_bsp.a(altera_nios2_gen2_irq.o)
                              ../test_frame_buffer_bsp/\libhal_bsp.a(alt_sys_init.o) (altera_nios2_gen2_irq_init)
../test_frame_buffer_bsp/\libhal_bsp.a(alt_find_file.o)
                              ../test_frame_buffer_bsp/\libhal_bsp.a(alt_open.o) (alt_find_file)
../test_frame_buffer_bsp/\libhal_bsp.a(alt_get_fd.o)
                              ../test_frame_buffer_bsp/\libhal_bsp.a(alt_open.o) (alt_get_fd)
d:/dev/intel/18.1/nios2eds/bin/gnu/h-x86_64-mingw32/bin/../lib/gcc/nios2-elf/5.3.0/../../../../../H-x86_64-mingw32/nios2-elf/lib\libsmallc.a(lib_a-atexit.o)
                              ../test_frame_buffer_bsp/\libhal_bsp.a(alt_main.o) (atexit)
d:/dev/intel/18.1/nios2eds/bin/gnu/h-x86_64-mingw32/bin/../lib/gcc/nios2-elf/5.3.0/../../../../../H-x86_64-mingw32/nios2-elf/lib\libsmallc.a(lib_a-exit.o)
                              ../test_frame_buffer_bsp/\libhal_bsp.a(alt_main.o) (exit)
d:/dev/intel/18.1/nios2eds/bin/gnu/h-x86_64-mingw32/bin/../lib/gcc/nios2-elf/5.3.0/../../../../../H-x86_64-mingw32/nios2-elf/lib\libsmallc.a(lib_a-memcmp.o)
                              ../test_frame_buffer_bsp/\libhal_bsp.a(alt_find_dev.o) (memcmp)
d:/dev/intel/18.1/nios2eds/bin/gnu/h-x86_64-mingw32/bin/../lib/gcc/nios2-elf/5.3.0/../../../../../H-x86_64-mingw32/nios2-elf/lib\libsmallc.a(lib_a-__atexit.o)
                              d:/dev/intel/18.1/nios2eds/bin/gnu/h-x86_64-mingw32/bin/../lib/gcc/nios2-elf/5.3.0/../../../../../H-x86_64-mingw32/nios2-elf/lib\libsmallc.a(lib_a-atexit.o) (__register_exitproc)
d:/dev/intel/18.1/nios2eds/bin/gnu/h-x86_64-mingw32/bin/../lib/gcc/nios2-elf/5.3.0/../../../../../H-x86_64-mingw32/nios2-elf/lib\libsmallc.a(lib_a-__call_atexit.o)
                              d:/dev/intel/18.1/nios2eds/bin/gnu/h-x86_64-mingw32/bin/../lib/gcc/nios2-elf/5.3.0/../../../../../H-x86_64-mingw32/nios2-elf/lib\libsmallc.a(lib_a-exit.o) (__call_exitprocs)
../test_frame_buffer_bsp/\libhal_bsp.a(alt_exit.o)
                              d:/dev/intel/18.1/nios2eds/bin/gnu/h-x86_64-mingw32/bin/../lib/gcc/nios2-elf/5.3.0/../../../../../H-x86_64-mingw32/nios2-elf/lib\libsmallc.a(lib_a-exit.o) (_exit)

Allocating common symbols
Common symbol       size              file

errno               0x4               d:/dev/intel/18.1/nios2eds/bin/gnu/h-x86_64-mingw32/bin/../lib/gcc/nios2-elf/5.3.0/../../../../../H-x86_64-mingw32/nios2-elf/lib\libsmallc.a(lib_a-int_errno.o)

Memory Configuration

Name             Origin             Length             Attributes
new_sdram_controller_0 0x0000000000000000 0x0000000000fffe00
interrupt_stack  0x0000000000fffe00 0x0000000000000100
exception_stack  0x0000000000ffff00 0x0000000000000100
reset            0x0000000001008000 0x0000000000000020
onchip_memory2_0 0x0000000001008020 0x0000000000007ce0
*default*        0x0000000000000000 0xffffffffffffffff

Linker script and memory map

LOAD ../test_frame_buffer_bsp//obj/HAL/src/crt0.o
LOAD obj/default/main.o
LOAD obj/default/simple_gfx/simple_graphics.o
LOAD d:/dev/intel/18.1/nios2eds/bin/gnu/h-x86_64-mingw32/bin/../lib/gcc/nios2-elf/5.3.0/../../../../../H-x86_64-mingw32/nios2-elf/lib\libstdc++.a
LOAD d:/dev/intel/18.1/nios2eds/bin/gnu/h-x86_64-mingw32/bin/../lib/gcc/nios2-elf/5.3.0/../../../../../H-x86_64-mingw32/nios2-elf/lib\libm.a
LOAD d:/dev/intel/18.1/nios2eds/bin/gnu/h-x86_64-mingw32/bin/../lib/gcc/nios2-elf/5.3.0\libgcc.a
START GROUP
LOAD d:/dev/intel/18.1/nios2eds/bin/gnu/h-x86_64-mingw32/bin/../lib/gcc/nios2-elf/5.3.0/../../../../../H-x86_64-mingw32/nios2-elf/lib\libsmallc.a
LOAD d:/dev/intel/18.1/nios2eds/bin/gnu/h-x86_64-mingw32/bin/../lib/gcc/nios2-elf/5.3.0\libgcc.a
LOAD ../test_frame_buffer_bsp/\libhal_bsp.a
LOAD d:/dev/intel/18.1/nios2eds/bin/gnu/h-x86_64-mingw32/bin/../lib/gcc/nios2-elf/5.3.0/../../../../../H-x86_64-mingw32/nios2-elf/lib\libm.a
END GROUP
LOAD d:/dev/intel/18.1/nios2eds/bin/gnu/h-x86_64-mingw32/bin/../lib/gcc/nios2-elf/5.3.0\libgcc.a
                0x0000000000000000                __alt_mem_new_sdram_controller_0 = 0x0
                0x0000000001008000                __alt_mem_onchip_memory2_0 = 0x1008000

.entry          0x0000000001008000       0x20
 *(.entry)
 .entry         0x0000000001008000       0x20 ../test_frame_buffer_bsp//obj/HAL/src/crt0.o
                0x0000000001008000                __reset

.exceptions     0x0000000001008020        0x0
                [!provide]                        PROVIDE (__ram_exceptions_start, ABSOLUTE (.))
                0x0000000001008020                . = ALIGN (0x20)
 *(.irq)
 *(.exceptions.entry.label)
 *(.exceptions.entry.user)
 *(.exceptions.entry.ecc_fatal)
 *(.exceptions.entry)
 *(.exceptions.irqtest.user)
 *(.exceptions.irqtest)
 *(.exceptions.irqhandler.user)
 *(.exceptions.irqhandler)
 *(.exceptions.irqreturn.user)
 *(.exceptions.irqreturn)
 *(.exceptions.notirq.label)
 *(.exceptions.notirq.user)
 *(.exceptions.notirq)
 *(.exceptions.soft.user)
 *(.exceptions.soft)
 *(.exceptions.unknown.user)
 *(.exceptions.unknown)
 *(.exceptions.exit.label)
 *(.exceptions.exit.user)
 *(.exceptions.exit)
 *(.exceptions)
                [!provide]                        PROVIDE (__ram_exceptions_end, ABSOLUTE (.))
                [!provide]                        PROVIDE (__flash_exceptions_start, LOADADDR (.exceptions))

.text           0x0000000001008020     0x1f98
                [!provide]                        PROVIDE (stext, ABSOLUTE (.))
 *(.interp)
 *(.hash)
 *(.dynsym)
 *(.dynstr)
 *(.gnu.version)
 *(.gnu.version_d)
 *(.gnu.version_r)
 *(.rel.init)
 *(.rela.init)
 *(.rel.text .rel.text.* .rel.gnu.linkonce.t.*)
 *(.rela.text .rela.text.* .rela.gnu.linkonce.t.*)
 *(.rel.fini)
 *(.rela.fini)
 *(.rel.rodata .rel.rodata.* .rel.gnu.linkonce.r.*)
 *(.rela.rodata .rela.rodata.* .rela.gnu.linkonce.r.*)
 *(.rel.data .rel.data.* .rel.gnu.linkonce.d.*)
 *(.rela.data .rela.data.* .rela.gnu.linkonce.d.*)
 *(.rel.tdata .rel.tdata.* .rel.gnu.linkonce.td.*)
 *(.rela.tdata .rela.tdata.* .rela.gnu.linkonce.td.*)
 *(.rel.tbss .rel.tbss.* .rel.gnu.linkonce.tb.*)
 *(.rela.tbss .rela.tbss.* .rela.gnu.linkonce.tb.*)
 *(.rel.ctors)
 *(.rela.ctors)
 *(.rel.dtors)
 *(.rela.dtors)
 *(.rel.got)
 *(.rela.got)
 *(.rel.sdata .rel.sdata.* .rel.gnu.linkonce.s.*)
 *(.rela.sdata .rela.sdata.* .rela.gnu.linkonce.s.*)
 *(.rel.sbss .rel.sbss.* .rel.gnu.linkonce.sb.*)
 *(.rela.sbss .rela.sbss.* .rela.gnu.linkonce.sb.*)
 *(.rel.sdata2 .rel.sdata2.* .rel.gnu.linkonce.s2.*)
 *(.rela.sdata2 .rela.sdata2.* .rela.gnu.linkonce.s2.*)
 *(.rel.sbss2 .rel.sbss2.* .rel.gnu.linkonce.sb2.*)
 *(.rela.sbss2 .rela.sbss2.* .rela.gnu.linkonce.sb2.*)
 *(.rel.bss .rel.bss.* .rel.gnu.linkonce.b.*)
 *(.rela.bss .rela.bss.* .rela.gnu.linkonce.b.*)
 *(.rel.plt)
 *(.rela.plt)
 *(.rel.dyn)
 *(.init)
 *(.plt)
 *(.text .stub .text.* .gnu.linkonce.t.*)
 .text          0x0000000001008020       0x38 ../test_frame_buffer_bsp//obj/HAL/src/crt0.o
                0x0000000001008020                _start
 .text          0x0000000001008058        0x0 obj/default/main.o
 .text.startup  0x0000000001008058      0x27c obj/default/main.o
                0x0000000001008058                main
 .text          0x00000000010082d4      0x448 obj/default/simple_gfx/simple_graphics.o
                0x00000000010082d4                vid_print_char
                0x00000000010083b8                vid_print_string
                0x0000000001008464                vid_draw_circle
 .text          0x000000000100871c      0x1b4 d:/dev/intel/18.1/nios2eds/bin/gnu/h-x86_64-mingw32/bin/../lib/gcc/nios2-elf/5.3.0\libgcc.a(lib2-divmod.o)
                0x000000000100871c                __divsi3
                0x00000000010087a0                __modsi3
                0x0000000001008814                __udivsi3
                0x0000000001008878                __umodsi3
 .text          0x00000000010088d0        0x0 d:/dev/intel/18.1/nios2eds/bin/gnu/h-x86_64-mingw32/bin/../lib/gcc/nios2-elf/5.3.0/../../../../../H-x86_64-mingw32/nios2-elf/lib\libsmallc.a(lib_a-puts.o)
 .text._puts_r  0x00000000010088d0       0x80 d:/dev/intel/18.1/nios2eds/bin/gnu/h-x86_64-mingw32/bin/../lib/gcc/nios2-elf/5.3.0/../../../../../H-x86_64-mingw32/nios2-elf/lib\libsmallc.a(lib_a-puts.o)
                0x00000000010088d0                _puts_r
 .text.puts     0x0000000001008950       0x14 d:/dev/intel/18.1/nios2eds/bin/gnu/h-x86_64-mingw32/bin/../lib/gcc/nios2-elf/5.3.0/../../../../../H-x86_64-mingw32/nios2-elf/lib\libsmallc.a(lib_a-puts.o)
                0x0000000001008950                puts
 .text          0x0000000001008964        0x0 d:/dev/intel/18.1/nios2eds/bin/gnu/h-x86_64-mingw32/bin/../lib/gcc/nios2-elf/5.3.0/../../../../../H-x86_64-mingw32/nios2-elf/lib\libsmallc.a(lib_a-rand.o)
 .text.srand    0x0000000001008964       0x14 d:/dev/intel/18.1/nios2eds/bin/gnu/h-x86_64-mingw32/bin/../lib/gcc/nios2-elf/5.3.0/../../../../../H-x86_64-mingw32/nios2-elf/lib\libsmallc.a(lib_a-rand.o)
                0x0000000001008964                srand
 .text.rand     0x0000000001008978       0x60 d:/dev/intel/18.1/nios2eds/bin/gnu/h-x86_64-mingw32/bin/../lib/gcc/nios2-elf/5.3.0/../../../../../H-x86_64-mingw32/nios2-elf/lib\libsmallc.a(lib_a-rand.o)
                0x0000000001008978                rand
 .text          0x00000000010089d8        0x0 d:/dev/intel/18.1/nios2eds/bin/gnu/h-x86_64-mingw32/bin/../lib/gcc/nios2-elf/5.3.0/../../../../../H-x86_64-mingw32/nios2-elf/lib\libsmallc.a(lib_a-strlen.o)
 .text.strlen   0x00000000010089d8       0x1c d:/dev/intel/18.1/nios2eds/bin/gnu/h-x86_64-mingw32/bin/../lib/gcc/nios2-elf/5.3.0/../../../../../H-x86_64-mingw32/nios2-elf/lib\libsmallc.a(lib_a-strlen.o)
                0x00000000010089d8                strlen
 .text          0x00000000010089f4        0x0 d:/dev/intel/18.1/nios2eds/bin/gnu/h-x86_64-mingw32/bin/../lib/gcc/nios2-elf/5.3.0/../../../../../H-x86_64-mingw32/nios2-elf/lib\libsmallc.a(lib_a-fvwrite_small_dev.o)
 .text.__sfvwrite_small_dev
                0x00000000010089f4       0xb8 d:/dev/intel/18.1/nios2eds/bin/gnu/h-x86_64-mingw32/bin/../lib/gcc/nios2-elf/5.3.0/../../../../../H-x86_64-mingw32/nios2-elf/lib\libsmallc.a(lib_a-fvwrite_small_dev.o)
                0x00000000010089f4                __sfvwrite_small_dev
 .text          0x0000000001008aac        0x0 d:/dev/intel/18.1/nios2eds/bin/gnu/h-x86_64-mingw32/bin/../lib/gcc/nios2-elf/5.3.0/../../../../../H-x86_64-mingw32/nios2-elf/lib\libsmallc.a(lib_a-impure.o)
 .text          0x0000000001008aac        0x0 d:/dev/intel/18.1/nios2eds/bin/gnu/h-x86_64-mingw32/bin/../lib/gcc/nios2-elf/5.3.0/../../../../../H-x86_64-mingw32/nios2-elf/lib\libsmallc.a(lib_a-writer.o)
 .text._write_r
                0x0000000001008aac       0x58 d:/dev/intel/18.1/nios2eds/bin/gnu/h-x86_64-mingw32/bin/../lib/gcc/nios2-elf/5.3.0/../../../../../H-x86_64-mingw32/nios2-elf/lib\libsmallc.a(lib_a-writer.o)
                0x0000000001008aac                _write_r
 .text          0x0000000001008b04        0x0 d:/dev/intel/18.1/nios2eds/bin/gnu/h-x86_64-mingw32/bin/../lib/gcc/nios2-elf/5.3.0/../../../../../H-x86_64-mingw32/nios2-elf/lib\libsmallc.a(lib_a-int_errno.o)
 .text          0x0000000001008b04       0x60 d:/dev/intel/18.1/nios2eds/bin/gnu/h-x86_64-mingw32/bin/../lib/gcc/nios2-elf/5.3.0\libgcc.a(_muldi3.o)
                0x0000000001008b04                __muldi3
 .text          0x0000000001008b64       0x60 ../test_frame_buffer_bsp/\libhal_bsp.a(alt_main.o)
                0x0000000001008b64                alt_main
 .text          0x0000000001008bc4       0x9c ../test_frame_buffer_bsp/\libhal_bsp.a(alt_write.o)
                0x0000000001008bd8                write
 .text          0x0000000001008c60      0x108 ../test_frame_buffer_bsp/\libhal_bsp.a(alt_sys_init.o)
                0x0000000001008c60                alt_irq_init
                0x0000000001008c80                alt_sys_init
 .text          0x0000000001008d68       0x20 ../test_frame_buffer_bsp/\libhal_bsp.a(altera_avalon_jtag_uart_fd.o)
                0x0000000001008d68                altera_avalon_jtag_uart_read_fd
                0x0000000001008d78                altera_avalon_jtag_uart_write_fd
 .text          0x0000000001008d88       0x5c ../test_frame_buffer_bsp/\libhal_bsp.a(altera_avalon_jtag_uart_read.o)
                0x0000000001008d88                altera_avalon_jtag_uart_read
 .text          0x0000000001008de4       0x34 ../test_frame_buffer_bsp/\libhal_bsp.a(altera_avalon_jtag_uart_write.o)
                0x0000000001008de4                altera_avalon_jtag_uart_write
 .text          0x0000000001008e18      0x8c0 ../test_frame_buffer_bsp/\libhal_bsp.a(altera_up_avalon_video_pixel_buffer_dma.o)
                0x0000000001008e18                alt_up_pixel_buffer_dma_open_dev
                0x0000000001008e20                alt_up_pixel_buffer_dma_draw
                0x0000000001008eb8                alt_up_pixel_buffer_dma_change_back_buffer_address
                0x0000000001008ed4                alt_up_pixel_buffer_dma_swap_buffers
                0x0000000001008ef8                alt_up_pixel_buffer_dma_check_swap_buffers_status
                0x0000000001008f08                alt_up_pixel_buffer_dma_clear_screen
                0x0000000001008f98                alt_up_pixel_buffer_dma_draw_box
                0x0000000001009160                alt_up_pixel_buffer_dma_draw_hline
                0x000000000100929c                alt_up_pixel_buffer_dma_draw_vline
                0x00000000010093f8                alt_up_pixel_buffer_dma_draw_rectangle
                0x00000000010094c4                helper_plot_pixel
                0x0000000001009510                alt_up_pixel_buffer_dma_draw_line
 .text          0x00000000010096d8       0xac ../test_frame_buffer_bsp/\libhal_bsp.a(alt_close.o)
                0x00000000010096d8                close
 .text          0x0000000001009784        0x8 ../test_frame_buffer_bsp/\libhal_bsp.a(alt_dev.o)
 .text          0x000000000100978c       0x6c ../test_frame_buffer_bsp/\libhal_bsp.a(alt_dev_llist_insert.o)
                0x000000000100978c                alt_dev_llist_insert
 .text          0x00000000010097f8       0x48 ../test_frame_buffer_bsp/\libhal_bsp.a(alt_do_ctors.o)
                0x00000000010097f8                _do_ctors
 .text          0x0000000001009840       0x48 ../test_frame_buffer_bsp/\libhal_bsp.a(alt_do_dtors.o)
                0x0000000001009840                _do_dtors
 .text          0x0000000001009888        0x0 ../test_frame_buffer_bsp/\libhal_bsp.a(alt_errno.o)
 .text          0x0000000001009888       0x74 ../test_frame_buffer_bsp/\libhal_bsp.a(alt_find_dev.o)
                0x0000000001009888                alt_find_dev
 .text          0x00000000010098fc       0xe4 ../test_frame_buffer_bsp/\libhal_bsp.a(alt_io_redirect.o)
                0x000000000100996c                alt_io_redirect
 .text          0x00000000010099e0      0x164 ../test_frame_buffer_bsp/\libhal_bsp.a(alt_open.o)
                0x00000000010099e0                open
 .text          0x0000000001009b44       0x24 ../test_frame_buffer_bsp/\libhal_bsp.a(alt_release_fd.o)
                0x0000000001009b44                alt_release_fd
 .text          0x0000000001009b68        0x8 ../test_frame_buffer_bsp/\libhal_bsp.a(altera_nios2_gen2_irq.o)
                0x0000000001009b68                altera_nios2_gen2_irq_init
 .text          0x0000000001009b70       0xa4 ../test_frame_buffer_bsp/\libhal_bsp.a(alt_find_file.o)
                0x0000000001009b70                alt_find_file
 .text          0x0000000001009c14       0x44 ../test_frame_buffer_bsp/\libhal_bsp.a(alt_get_fd.o)
                0x0000000001009c14                alt_get_fd
 .text          0x0000000001009c58        0x0 d:/dev/intel/18.1/nios2eds/bin/gnu/h-x86_64-mingw32/bin/../lib/gcc/nios2-elf/5.3.0/../../../../../H-x86_64-mingw32/nios2-elf/lib\libsmallc.a(lib_a-atexit.o)
 .text.atexit   0x0000000001009c58       0x14 d:/dev/intel/18.1/nios2eds/bin/gnu/h-x86_64-mingw32/bin/../lib/gcc/nios2-elf/5.3.0/../../../../../H-x86_64-mingw32/nios2-elf/lib\libsmallc.a(lib_a-atexit.o)
                0x0000000001009c58                atexit
 .text          0x0000000001009c6c        0x0 d:/dev/intel/18.1/nios2eds/bin/gnu/h-x86_64-mingw32/bin/../lib/gcc/nios2-elf/5.3.0/../../../../../H-x86_64-mingw32/nios2-elf/lib\libsmallc.a(lib_a-exit.o)
 .text.exit     0x0000000001009c6c       0x20 d:/dev/intel/18.1/nios2eds/bin/gnu/h-x86_64-mingw32/bin/../lib/gcc/nios2-elf/5.3.0/../../../../../H-x86_64-mingw32/nios2-elf/lib\libsmallc.a(lib_a-exit.o)
                0x0000000001009c6c                exit
 .text          0x0000000001009c8c        0x0 d:/dev/intel/18.1/nios2eds/bin/gnu/h-x86_64-mingw32/bin/../lib/gcc/nios2-elf/5.3.0/../../../../../H-x86_64-mingw32/nios2-elf/lib\libsmallc.a(lib_a-memcmp.o)
 .text.memcmp   0x0000000001009c8c       0x30 d:/dev/intel/18.1/nios2eds/bin/gnu/h-x86_64-mingw32/bin/../lib/gcc/nios2-elf/5.3.0/../../../../../H-x86_64-mingw32/nios2-elf/lib\libsmallc.a(lib_a-memcmp.o)
                0x0000000001009c8c                memcmp
 .text          0x0000000001009cbc        0x0 d:/dev/intel/18.1/nios2eds/bin/gnu/h-x86_64-mingw32/bin/../lib/gcc/nios2-elf/5.3.0/../../../../../H-x86_64-mingw32/nios2-elf/lib\libsmallc.a(lib_a-__atexit.o)
 .text.__register_exitproc
                0x0000000001009cbc      0x158 d:/dev/intel/18.1/nios2eds/bin/gnu/h-x86_64-mingw32/bin/../lib/gcc/nios2-elf/5.3.0/../../../../../H-x86_64-mingw32/nios2-elf/lib\libsmallc.a(lib_a-__atexit.o)
                0x0000000001009cbc                __register_exitproc
 .text          0x0000000001009e14        0x0 d:/dev/intel/18.1/nios2eds/bin/gnu/h-x86_64-mingw32/bin/../lib/gcc/nios2-elf/5.3.0/../../../../../H-x86_64-mingw32/nios2-elf/lib\libsmallc.a(lib_a-__call_atexit.o)
 .text.__call_exitprocs
                0x0000000001009e14      0x190 d:/dev/intel/18.1/nios2eds/bin/gnu/h-x86_64-mingw32/bin/../lib/gcc/nios2-elf/5.3.0/../../../../../H-x86_64-mingw32/nios2-elf/lib\libsmallc.a(lib_a-__call_atexit.o)
                0x0000000001009e14                __call_exitprocs
 .text          0x0000000001009fa4       0x14 ../test_frame_buffer_bsp/\libhal_bsp.a(alt_exit.o)
                0x0000000001009fa4                _exit
 *(.gnu.warning.*)
 *(.fini)
                [!provide]                        PROVIDE (__etext, ABSOLUTE (.))
                [!provide]                        PROVIDE (_etext, ABSOLUTE (.))
                [!provide]                        PROVIDE (etext, ABSOLUTE (.))
 *(.eh_frame_hdr)
                0x0000000001009fb8                . = ALIGN (0x4)
                [!provide]                        PROVIDE (__preinit_array_start, ABSOLUTE (.))
 *(.preinit_array)
                [!provide]                        PROVIDE (__preinit_array_end, ABSOLUTE (.))
                [!provide]                        PROVIDE (__init_array_start, ABSOLUTE (.))
 *(.init_array)
                [!provide]                        PROVIDE (__init_array_end, ABSOLUTE (.))
                [!provide]                        PROVIDE (__fini_array_start, ABSOLUTE (.))
 *(.fini_array)
                [!provide]                        PROVIDE (__fini_array_end, ABSOLUTE (.))
 *(.eh_frame)
 *(.gcc_except_table .gcc_except_table.*)
 *(.dynamic)
                0x0000000001009fb8                PROVIDE (__CTOR_LIST__, ABSOLUTE (.))
 *(.ctors)
 *(SORT(.ctors.*))
                0x0000000001009fb8                PROVIDE (__CTOR_END__, ABSOLUTE (.))
                0x0000000001009fb8                PROVIDE (__DTOR_LIST__, ABSOLUTE (.))
 *(.dtors)
 *(SORT(.dtors.*))
                0x0000000001009fb8                PROVIDE (__DTOR_END__, ABSOLUTE (.))
 *(.jcr)
                0x0000000001009fb8                . = ALIGN (0x4)

.rodata         0x0000000001009fb8       0x98
                [!provide]                        PROVIDE (__ram_rodata_start, ABSOLUTE (.))
                0x0000000001009fb8                . = ALIGN (0x4)
 *(.rodata .rodata.* .gnu.linkonce.r.*)
 .rodata.str1.4
                0x0000000001009fb8       0x73 obj/default/main.o
 *fill*         0x000000000100a02b        0x1 
 .rodata.str1.4
                0x000000000100a02c        0x2 d:/dev/intel/18.1/nios2eds/bin/gnu/h-x86_64-mingw32/bin/../lib/gcc/nios2-elf/5.3.0/../../../../../H-x86_64-mingw32/nios2-elf/lib\libsmallc.a(lib_a-puts.o)
 *fill*         0x000000000100a02e        0x2 
 .rodata.str1.4
                0x000000000100a030       0x11 ../test_frame_buffer_bsp/\libhal_bsp.a(alt_main.o)
 .rodata.str1.4
                0x000000000100a041       0x31 ../test_frame_buffer_bsp/\libhal_bsp.a(alt_sys_init.o)
 *fill*         0x000000000100a041        0x3 
 .rodata.str1.4
                0x000000000100a044        0xc ../test_frame_buffer_bsp/\libhal_bsp.a(alt_dev.o)
                                          0xa (size before relaxing)
 *(.rodata1)
                0x000000000100a050                . = ALIGN (0x4)
                [!provide]                        PROVIDE (__ram_rodata_end, ABSOLUTE (.))
                [!provide]                        PROVIDE (__flash_rodata_start, LOADADDR (.rodata))

.rwdata         0x000000000100a050      0x744
                [!provide]                        PROVIDE (__ram_rwdata_start, ABSOLUTE (.))
                0x000000000100a050                . = ALIGN (0x4)
 *(.got.plt)
 *(.got)
 *(.data1)
 *(.data .data.* .gnu.linkonce.d.*)
 .data          0x000000000100a050        0x0 ../test_frame_buffer_bsp//obj/HAL/src/crt0.o
 .data          0x000000000100a050        0x0 obj/default/main.o
 .data          0x000000000100a050      0x415 obj/default/simple_gfx/simple_graphics.o
                0x000000000100a050                cour10_font_array
 .data          0x000000000100a465        0x0 d:/dev/intel/18.1/nios2eds/bin/gnu/h-x86_64-mingw32/bin/../lib/gcc/nios2-elf/5.3.0\libgcc.a(lib2-divmod.o)
 .data          0x000000000100a465        0x0 d:/dev/intel/18.1/nios2eds/bin/gnu/h-x86_64-mingw32/bin/../lib/gcc/nios2-elf/5.3.0/../../../../../H-x86_64-mingw32/nios2-elf/lib\libsmallc.a(lib_a-puts.o)
 .data          0x000000000100a465        0x0 d:/dev/intel/18.1/nios2eds/bin/gnu/h-x86_64-mingw32/bin/../lib/gcc/nios2-elf/5.3.0/../../../../../H-x86_64-mingw32/nios2-elf/lib\libsmallc.a(lib_a-rand.o)
 .data          0x000000000100a465        0x0 d:/dev/intel/18.1/nios2eds/bin/gnu/h-x86_64-mingw32/bin/../lib/gcc/nios2-elf/5.3.0/../../../../../H-x86_64-mingw32/nios2-elf/lib\libsmallc.a(lib_a-strlen.o)
 .data          0x000000000100a465        0x0 d:/dev/intel/18.1/nios2eds/bin/gnu/h-x86_64-mingw32/bin/../lib/gcc/nios2-elf/5.3.0/../../../../../H-x86_64-mingw32/nios2-elf/lib\libsmallc.a(lib_a-fvwrite_small_dev.o)
 .data          0x000000000100a465        0x0 d:/dev/intel/18.1/nios2eds/bin/gnu/h-x86_64-mingw32/bin/../lib/gcc/nios2-elf/5.3.0/../../../../../H-x86_64-mingw32/nios2-elf/lib\libsmallc.a(lib_a-impure.o)
 *fill*         0x000000000100a465        0x3 
 .data.impure_data
                0x000000000100a468       0xe0 d:/dev/intel/18.1/nios2eds/bin/gnu/h-x86_64-mingw32/bin/../lib/gcc/nios2-elf/5.3.0/../../../../../H-x86_64-mingw32/nios2-elf/lib\libsmallc.a(lib_a-impure.o)
 .data          0x000000000100a548        0x0 d:/dev/intel/18.1/nios2eds/bin/gnu/h-x86_64-mingw32/bin/../lib/gcc/nios2-elf/5.3.0/../../../../../H-x86_64-mingw32/nios2-elf/lib\libsmallc.a(lib_a-writer.o)
 .data          0x000000000100a548        0x0 d:/dev/intel/18.1/nios2eds/bin/gnu/h-x86_64-mingw32/bin/../lib/gcc/nios2-elf/5.3.0/../../../../../H-x86_64-mingw32/nios2-elf/lib\libsmallc.a(lib_a-int_errno.o)
 .data          0x000000000100a548        0x0 d:/dev/intel/18.1/nios2eds/bin/gnu/h-x86_64-mingw32/bin/../lib/gcc/nios2-elf/5.3.0\libgcc.a(_muldi3.o)
 .data          0x000000000100a548        0x0 ../test_frame_buffer_bsp/\libhal_bsp.a(alt_main.o)
 .data          0x000000000100a548        0x0 ../test_frame_buffer_bsp/\libhal_bsp.a(alt_write.o)
 .data          0x000000000100a548       0x80 ../test_frame_buffer_bsp/\libhal_bsp.a(alt_sys_init.o)
 .data          0x000000000100a5c8        0x0 ../test_frame_buffer_bsp/\libhal_bsp.a(altera_avalon_jtag_uart_fd.o)
 .data          0x000000000100a5c8        0x0 ../test_frame_buffer_bsp/\libhal_bsp.a(altera_avalon_jtag_uart_read.o)
 .data          0x000000000100a5c8        0x0 ../test_frame_buffer_bsp/\libhal_bsp.a(altera_avalon_jtag_uart_write.o)
 .data          0x000000000100a5c8        0x0 ../test_frame_buffer_bsp/\libhal_bsp.a(altera_up_avalon_video_pixel_buffer_dma.o)
 .data          0x000000000100a5c8        0x0 ../test_frame_buffer_bsp/\libhal_bsp.a(alt_close.o)
 .data          0x000000000100a5c8      0x1a8 ../test_frame_buffer_bsp/\libhal_bsp.a(alt_dev.o)
                0x000000000100a5c8                alt_fd_list
                0x000000000100a748                alt_dev_null
 .data          0x000000000100a770        0x0 ../test_frame_buffer_bsp/\libhal_bsp.a(alt_dev_llist_insert.o)
 .data          0x000000000100a770        0x0 ../test_frame_buffer_bsp/\libhal_bsp.a(alt_do_ctors.o)
 .data          0x000000000100a770        0x0 ../test_frame_buffer_bsp/\libhal_bsp.a(alt_do_dtors.o)
 .data          0x000000000100a770        0x0 ../test_frame_buffer_bsp/\libhal_bsp.a(alt_errno.o)
 .data          0x000000000100a770        0x0 ../test_frame_buffer_bsp/\libhal_bsp.a(alt_find_dev.o)
 .data          0x000000000100a770        0x0 ../test_frame_buffer_bsp/\libhal_bsp.a(alt_io_redirect.o)
 .data          0x000000000100a770        0x0 ../test_frame_buffer_bsp/\libhal_bsp.a(alt_open.o)
 .data          0x000000000100a770        0x0 ../test_frame_buffer_bsp/\libhal_bsp.a(alt_release_fd.o)
 .data          0x000000000100a770        0x0 ../test_frame_buffer_bsp/\libhal_bsp.a(altera_nios2_gen2_irq.o)
 .data          0x000000000100a770        0x0 ../test_frame_buffer_bsp/\libhal_bsp.a(alt_find_file.o)
 .data          0x000000000100a770        0x0 ../test_frame_buffer_bsp/\libhal_bsp.a(alt_get_fd.o)
 .data          0x000000000100a770        0x0 d:/dev/intel/18.1/nios2eds/bin/gnu/h-x86_64-mingw32/bin/../lib/gcc/nios2-elf/5.3.0/../../../../../H-x86_64-mingw32/nios2-elf/lib\libsmallc.a(lib_a-atexit.o)
 .data          0x000000000100a770        0x0 d:/dev/intel/18.1/nios2eds/bin/gnu/h-x86_64-mingw32/bin/../lib/gcc/nios2-elf/5.3.0/../../../../../H-x86_64-mingw32/nios2-elf/lib\libsmallc.a(lib_a-exit.o)
 .data          0x000000000100a770        0x0 d:/dev/intel/18.1/nios2eds/bin/gnu/h-x86_64-mingw32/bin/../lib/gcc/nios2-elf/5.3.0/../../../../../H-x86_64-mingw32/nios2-elf/lib\libsmallc.a(lib_a-memcmp.o)
 .data          0x000000000100a770        0x0 d:/dev/intel/18.1/nios2eds/bin/gnu/h-x86_64-mingw32/bin/../lib/gcc/nios2-elf/5.3.0/../../../../../H-x86_64-mingw32/nios2-elf/lib\libsmallc.a(lib_a-__atexit.o)
 .data          0x000000000100a770        0x0 d:/dev/intel/18.1/nios2eds/bin/gnu/h-x86_64-mingw32/bin/../lib/gcc/nios2-elf/5.3.0/../../../../../H-x86_64-mingw32/nios2-elf/lib\libsmallc.a(lib_a-__call_atexit.o)
 .data          0x000000000100a770        0x0 ../test_frame_buffer_bsp/\libhal_bsp.a(alt_exit.o)
                0x0000000001012770                _gp = ABSOLUTE ((. + 0x8000))
                [!provide]                        PROVIDE (gp, _gp)
 *(.rwdata .rwdata.*)
 *(.sdata .sdata.* .gnu.linkonce.s.*)
 .sdata         0x000000000100a770        0x4 obj/default/simple_gfx/simple_graphics.o
                0x000000000100a770                cour10_font
 .sdata._global_impure_ptr
                0x000000000100a774        0x4 d:/dev/intel/18.1/nios2eds/bin/gnu/h-x86_64-mingw32/bin/../lib/gcc/nios2-elf/5.3.0/../../../../../H-x86_64-mingw32/nios2-elf/lib\libsmallc.a(lib_a-impure.o)
                0x000000000100a774                _global_impure_ptr
 .sdata._impure_ptr
                0x000000000100a778        0x4 d:/dev/intel/18.1/nios2eds/bin/gnu/h-x86_64-mingw32/bin/../lib/gcc/nios2-elf/5.3.0/../../../../../H-x86_64-mingw32/nios2-elf/lib\libsmallc.a(lib_a-impure.o)
                0x000000000100a778                _impure_ptr
 .sdata         0x000000000100a77c       0x14 ../test_frame_buffer_bsp/\libhal_bsp.a(alt_dev.o)
                0x000000000100a77c                alt_max_fd
                0x000000000100a780                alt_dev_list
                0x000000000100a788                alt_fs_list
 .sdata         0x000000000100a790        0x4 ../test_frame_buffer_bsp/\libhal_bsp.a(alt_errno.o)
                0x000000000100a790                alt_errno
 *(.sdata2 .sdata2.* .gnu.linkonce.s2.*)
                0x000000000100a794                . = ALIGN (0x4)
                0x000000000100a794                _edata = ABSOLUTE (.)
                [!provide]                        PROVIDE (edata, ABSOLUTE (.))
                [!provide]                        PROVIDE (__ram_rwdata_end, ABSOLUTE (.))
                [!provide]                        PROVIDE (__flash_rwdata_start, LOADADDR (.rwdata))

.bss            0x000000000100a794       0x18
                0x000000000100a794                __bss_start = ABSOLUTE (.)
                [!provide]                        PROVIDE (__sbss_start, ABSOLUTE (.))
                [!provide]                        PROVIDE (___sbss_start, ABSOLUTE (.))
 *(.dynsbss)
 *(.sbss .sbss.* .gnu.linkonce.sb.*)
 .sbss._randbits
                0x000000000100a794        0x8 d:/dev/intel/18.1/nios2eds/bin/gnu/h-x86_64-mingw32/bin/../lib/gcc/nios2-elf/5.3.0/../../../../../H-x86_64-mingw32/nios2-elf/lib\libsmallc.a(lib_a-rand.o)
 .sbss          0x000000000100a79c        0x4 d:/dev/intel/18.1/nios2eds/bin/gnu/h-x86_64-mingw32/bin/../lib/gcc/nios2-elf/5.3.0/../../../../../H-x86_64-mingw32/nios2-elf/lib\libsmallc.a(lib_a-int_errno.o)
                0x000000000100a79c                errno
 .sbss          0x000000000100a7a0        0xc ../test_frame_buffer_bsp/\libhal_bsp.a(alt_main.o)
                0x000000000100a7a0                alt_envp
                0x000000000100a7a4                alt_argv
                0x000000000100a7a8                alt_argc
 *(.sbss2 .sbss2.* .gnu.linkonce.sb2.*)
 *(.scommon)
                [!provide]                        PROVIDE (__sbss_end, ABSOLUTE (.))
                [!provide]                        PROVIDE (___sbss_end, ABSOLUTE (.))
 *(.dynbss)
 *(.bss .bss.* .gnu.linkonce.b.*)
 .bss           0x000000000100a7ac        0x0 ../test_frame_buffer_bsp//obj/HAL/src/crt0.o
 .bss           0x000000000100a7ac        0x0 obj/default/main.o
 .bss           0x000000000100a7ac        0x0 obj/default/simple_gfx/simple_graphics.o
 .bss           0x000000000100a7ac        0x0 d:/dev/intel/18.1/nios2eds/bin/gnu/h-x86_64-mingw32/bin/../lib/gcc/nios2-elf/5.3.0\libgcc.a(lib2-divmod.o)
 .bss           0x000000000100a7ac        0x0 d:/dev/intel/18.1/nios2eds/bin/gnu/h-x86_64-mingw32/bin/../lib/gcc/nios2-elf/5.3.0/../../../../../H-x86_64-mingw32/nios2-elf/lib\libsmallc.a(lib_a-puts.o)
 .bss           0x000000000100a7ac        0x0 d:/dev/intel/18.1/nios2eds/bin/gnu/h-x86_64-mingw32/bin/../lib/gcc/nios2-elf/5.3.0/../../../../../H-x86_64-mingw32/nios2-elf/lib\libsmallc.a(lib_a-rand.o)
 .bss           0x000000000100a7ac        0x0 d:/dev/intel/18.1/nios2eds/bin/gnu/h-x86_64-mingw32/bin/../lib/gcc/nios2-elf/5.3.0/../../../../../H-x86_64-mingw32/nios2-elf/lib\libsmallc.a(lib_a-strlen.o)
 .bss           0x000000000100a7ac        0x0 d:/dev/intel/18.1/nios2eds/bin/gnu/h-x86_64-mingw32/bin/../lib/gcc/nios2-elf/5.3.0/../../../../../H-x86_64-mingw32/nios2-elf/lib\libsmallc.a(lib_a-fvwrite_small_dev.o)
 .bss           0x000000000100a7ac        0x0 d:/dev/intel/18.1/nios2eds/bin/gnu/h-x86_64-mingw32/bin/../lib/gcc/nios2-elf/5.3.0/../../../../../H-x86_64-mingw32/nios2-elf/lib\libsmallc.a(lib_a-impure.o)
 .bss           0x000000000100a7ac        0x0 d:/dev/intel/18.1/nios2eds/bin/gnu/h-x86_64-mingw32/bin/../lib/gcc/nios2-elf/5.3.0/../../../../../H-x86_64-mingw32/nios2-elf/lib\libsmallc.a(lib_a-writer.o)
 .bss           0x000000000100a7ac        0x0 d:/dev/intel/18.1/nios2eds/bin/gnu/h-x86_64-mingw32/bin/../lib/gcc/nios2-elf/5.3.0/../../../../../H-x86_64-mingw32/nios2-elf/lib\libsmallc.a(lib_a-int_errno.o)
 .bss           0x000000000100a7ac        0x0 d:/dev/intel/18.1/nios2eds/bin/gnu/h-x86_64-mingw32/bin/../lib/gcc/nios2-elf/5.3.0\libgcc.a(_muldi3.o)
 .bss           0x000000000100a7ac        0x0 ../test_frame_buffer_bsp/\libhal_bsp.a(alt_main.o)
 .bss           0x000000000100a7ac        0x0 ../test_frame_buffer_bsp/\libhal_bsp.a(alt_write.o)
 .bss           0x000000000100a7ac        0x0 ../test_frame_buffer_bsp/\libhal_bsp.a(alt_sys_init.o)
 .bss           0x000000000100a7ac        0x0 ../test_frame_buffer_bsp/\libhal_bsp.a(altera_avalon_jtag_uart_fd.o)
 .bss           0x000000000100a7ac        0x0 ../test_frame_buffer_bsp/\libhal_bsp.a(altera_avalon_jtag_uart_read.o)
 .bss           0x000000000100a7ac        0x0 ../test_frame_buffer_bsp/\libhal_bsp.a(altera_avalon_jtag_uart_write.o)
 .bss           0x000000000100a7ac        0x0 ../test_frame_buffer_bsp/\libhal_bsp.a(altera_up_avalon_video_pixel_buffer_dma.o)
 .bss           0x000000000100a7ac        0x0 ../test_frame_buffer_bsp/\libhal_bsp.a(alt_close.o)
 .bss           0x000000000100a7ac        0x0 ../test_frame_buffer_bsp/\libhal_bsp.a(alt_dev.o)
 .bss           0x000000000100a7ac        0x0 ../test_frame_buffer_bsp/\libhal_bsp.a(alt_dev_llist_insert.o)
 .bss           0x000000000100a7ac        0x0 ../test_frame_buffer_bsp/\libhal_bsp.a(alt_do_ctors.o)
 .bss           0x000000000100a7ac        0x0 ../test_frame_buffer_bsp/\libhal_bsp.a(alt_do_dtors.o)
 .bss           0x000000000100a7ac        0x0 ../test_frame_buffer_bsp/\libhal_bsp.a(alt_errno.o)
 .bss           0x000000000100a7ac        0x0 ../test_frame_buffer_bsp/\libhal_bsp.a(alt_find_dev.o)
 .bss           0x000000000100a7ac        0x0 ../test_frame_buffer_bsp/\libhal_bsp.a(alt_io_redirect.o)
 .bss           0x000000000100a7ac        0x0 ../test_frame_buffer_bsp/\libhal_bsp.a(alt_open.o)
 .bss           0x000000000100a7ac        0x0 ../test_frame_buffer_bsp/\libhal_bsp.a(alt_release_fd.o)
 .bss           0x000000000100a7ac        0x0 ../test_frame_buffer_bsp/\libhal_bsp.a(altera_nios2_gen2_irq.o)
 .bss           0x000000000100a7ac        0x0 ../test_frame_buffer_bsp/\libhal_bsp.a(alt_find_file.o)
 .bss           0x000000000100a7ac        0x0 ../test_frame_buffer_bsp/\libhal_bsp.a(alt_get_fd.o)
 .bss           0x000000000100a7ac        0x0 d:/dev/intel/18.1/nios2eds/bin/gnu/h-x86_64-mingw32/bin/../lib/gcc/nios2-elf/5.3.0/../../../../../H-x86_64-mingw32/nios2-elf/lib\libsmallc.a(lib_a-atexit.o)
 .bss           0x000000000100a7ac        0x0 d:/dev/intel/18.1/nios2eds/bin/gnu/h-x86_64-mingw32/bin/../lib/gcc/nios2-elf/5.3.0/../../../../../H-x86_64-mingw32/nios2-elf/lib\libsmallc.a(lib_a-exit.o)
 .bss           0x000000000100a7ac        0x0 d:/dev/intel/18.1/nios2eds/bin/gnu/h-x86_64-mingw32/bin/../lib/gcc/nios2-elf/5.3.0/../../../../../H-x86_64-mingw32/nios2-elf/lib\libsmallc.a(lib_a-memcmp.o)
 .bss           0x000000000100a7ac        0x0 d:/dev/intel/18.1/nios2eds/bin/gnu/h-x86_64-mingw32/bin/../lib/gcc/nios2-elf/5.3.0/../../../../../H-x86_64-mingw32/nios2-elf/lib\libsmallc.a(lib_a-__atexit.o)
 .bss           0x000000000100a7ac        0x0 d:/dev/intel/18.1/nios2eds/bin/gnu/h-x86_64-mingw32/bin/../lib/gcc/nios2-elf/5.3.0/../../../../../H-x86_64-mingw32/nios2-elf/lib\libsmallc.a(lib_a-__call_atexit.o)
 .bss           0x000000000100a7ac        0x0 ../test_frame_buffer_bsp/\libhal_bsp.a(alt_exit.o)
 *(COMMON)
                0x000000000100a7ac                . = ALIGN (0x4)
                0x000000000100a7ac                __bss_end = ABSOLUTE (.)

.new_sdram_controller_0
                0x0000000000000000        0x0 load address 0x000000000100a7ac
                [!provide]                        PROVIDE (_alt_partition_new_sdram_controller_0_start, ABSOLUTE (.))
 *(.new_sdram_controller_0 .new_sdram_controller_0. new_sdram_controller_0.*)
                0x0000000000000000                . = ALIGN (0x4)
                [!provide]                        PROVIDE (_alt_partition_new_sdram_controller_0_end, ABSOLUTE (.))
                [!provide]                        PROVIDE (_alt_partition_new_sdram_controller_0_load_addr, LOADADDR (.new_sdram_controller_0))

.onchip_memory2_0
                0x000000000100a7ac        0x0
                [!provide]                        PROVIDE (_alt_partition_onchip_memory2_0_start, ABSOLUTE (.))
 *(.onchip_memory2_0 .onchip_memory2_0. onchip_memory2_0.*)
                0x000000000100a7ac                . = ALIGN (0x4)
                [!provide]                        PROVIDE (_alt_partition_onchip_memory2_0_end, ABSOLUTE (.))
                0x000000000100a7ac                _end = ABSOLUTE (.)
                0x000000000100a7ac                end = ABSOLUTE (.)
                0x000000000100a7ac                __alt_stack_base = ABSOLUTE (.)
                [!provide]                        PROVIDE (_alt_partition_onchip_memory2_0_load_addr, LOADADDR (.onchip_memory2_0))

.stab
 *(.stab)

.stabstr
 *(.stabstr)

.stab.excl
 *(.stab.excl)

.stab.exclstr
 *(.stab.exclstr)

.stab.index
 *(.stab.index)

.stab.indexstr
 *(.stab.indexstr)

.comment        0x0000000000000000       0x23
 *(.comment)
 .comment       0x0000000000000000       0x23 obj/default/main.o
                                         0x24 (size before relaxing)
 .comment       0x0000000000000023       0x24 obj/default/simple_gfx/simple_graphics.o
 .comment       0x0000000000000023       0x24 d:/dev/intel/18.1/nios2eds/bin/gnu/h-x86_64-mingw32/bin/../lib/gcc/nios2-elf/5.3.0\libgcc.a(lib2-divmod.o)
 .comment       0x0000000000000023       0x24 d:/dev/intel/18.1/nios2eds/bin/gnu/h-x86_64-mingw32/bin/../lib/gcc/nios2-elf/5.3.0/../../../../../H-x86_64-mingw32/nios2-elf/lib\libsmallc.a(lib_a-puts.o)
 .comment       0x0000000000000023       0x24 d:/dev/intel/18.1/nios2eds/bin/gnu/h-x86_64-mingw32/bin/../lib/gcc/nios2-elf/5.3.0/../../../../../H-x86_64-mingw32/nios2-elf/lib\libsmallc.a(lib_a-rand.o)
 .comment       0x0000000000000023       0x24 d:/dev/intel/18.1/nios2eds/bin/gnu/h-x86_64-mingw32/bin/../lib/gcc/nios2-elf/5.3.0/../../../../../H-x86_64-mingw32/nios2-elf/lib\libsmallc.a(lib_a-strlen.o)
 .comment       0x0000000000000023       0x24 d:/dev/intel/18.1/nios2eds/bin/gnu/h-x86_64-mingw32/bin/../lib/gcc/nios2-elf/5.3.0/../../../../../H-x86_64-mingw32/nios2-elf/lib\libsmallc.a(lib_a-fvwrite_small_dev.o)
 .comment       0x0000000000000023       0x24 d:/dev/intel/18.1/nios2eds/bin/gnu/h-x86_64-mingw32/bin/../lib/gcc/nios2-elf/5.3.0/../../../../../H-x86_64-mingw32/nios2-elf/lib\libsmallc.a(lib_a-impure.o)
 .comment       0x0000000000000023       0x24 d:/dev/intel/18.1/nios2eds/bin/gnu/h-x86_64-mingw32/bin/../lib/gcc/nios2-elf/5.3.0/../../../../../H-x86_64-mingw32/nios2-elf/lib\libsmallc.a(lib_a-writer.o)
 .comment       0x0000000000000023       0x24 d:/dev/intel/18.1/nios2eds/bin/gnu/h-x86_64-mingw32/bin/../lib/gcc/nios2-elf/5.3.0/../../../../../H-x86_64-mingw32/nios2-elf/lib\libsmallc.a(lib_a-int_errno.o)
 .comment       0x0000000000000023       0x24 d:/dev/intel/18.1/nios2eds/bin/gnu/h-x86_64-mingw32/bin/../lib/gcc/nios2-elf/5.3.0\libgcc.a(_muldi3.o)
 .comment       0x0000000000000023       0x24 ../test_frame_buffer_bsp/\libhal_bsp.a(alt_main.o)
 .comment       0x0000000000000023       0x24 ../test_frame_buffer_bsp/\libhal_bsp.a(alt_write.o)
 .comment       0x0000000000000023       0x24 ../test_frame_buffer_bsp/\libhal_bsp.a(alt_sys_init.o)
 .comment       0x0000000000000023       0x24 ../test_frame_buffer_bsp/\libhal_bsp.a(altera_avalon_jtag_uart_fd.o)
 .comment       0x0000000000000023       0x24 ../test_frame_buffer_bsp/\libhal_bsp.a(altera_avalon_jtag_uart_read.o)
 .comment       0x0000000000000023       0x24 ../test_frame_buffer_bsp/\libhal_bsp.a(altera_avalon_jtag_uart_write.o)
 .comment       0x0000000000000023       0x24 ../test_frame_buffer_bsp/\libhal_bsp.a(altera_up_avalon_video_pixel_buffer_dma.o)
 .comment       0x0000000000000023       0x24 ../test_frame_buffer_bsp/\libhal_bsp.a(alt_close.o)
 .comment       0x0000000000000023       0x24 ../test_frame_buffer_bsp/\libhal_bsp.a(alt_dev.o)
 .comment       0x0000000000000023       0x24 ../test_frame_buffer_bsp/\libhal_bsp.a(alt_dev_llist_insert.o)
 .comment       0x0000000000000023       0x24 ../test_frame_buffer_bsp/\libhal_bsp.a(alt_do_ctors.o)
 .comment       0x0000000000000023       0x24 ../test_frame_buffer_bsp/\libhal_bsp.a(alt_do_dtors.o)
 .comment       0x0000000000000023       0x24 ../test_frame_buffer_bsp/\libhal_bsp.a(alt_errno.o)
 .comment       0x0000000000000023       0x24 ../test_frame_buffer_bsp/\libhal_bsp.a(alt_find_dev.o)
 .comment       0x0000000000000023       0x24 ../test_frame_buffer_bsp/\libhal_bsp.a(alt_io_redirect.o)
 .comment       0x0000000000000023       0x24 ../test_frame_buffer_bsp/\libhal_bsp.a(alt_open.o)
 .comment       0x0000000000000023       0x24 ../test_frame_buffer_bsp/\libhal_bsp.a(alt_release_fd.o)
 .comment       0x0000000000000023       0x24 ../test_frame_buffer_bsp/\libhal_bsp.a(altera_nios2_gen2_irq.o)
 .comment       0x0000000000000023       0x24 ../test_frame_buffer_bsp/\libhal_bsp.a(alt_find_file.o)
 .comment       0x0000000000000023       0x24 ../test_frame_buffer_bsp/\libhal_bsp.a(alt_get_fd.o)
 .comment       0x0000000000000023       0x24 d:/dev/intel/18.1/nios2eds/bin/gnu/h-x86_64-mingw32/bin/../lib/gcc/nios2-elf/5.3.0/../../../../../H-x86_64-mingw32/nios2-elf/lib\libsmallc.a(lib_a-atexit.o)
 .comment       0x0000000000000023       0x24 d:/dev/intel/18.1/nios2eds/bin/gnu/h-x86_64-mingw32/bin/../lib/gcc/nios2-elf/5.3.0/../../../../../H-x86_64-mingw32/nios2-elf/lib\libsmallc.a(lib_a-exit.o)
 .comment       0x0000000000000023       0x24 d:/dev/intel/18.1/nios2eds/bin/gnu/h-x86_64-mingw32/bin/../lib/gcc/nios2-elf/5.3.0/../../../../../H-x86_64-mingw32/nios2-elf/lib\libsmallc.a(lib_a-memcmp.o)
 .comment       0x0000000000000023       0x24 d:/dev/intel/18.1/nios2eds/bin/gnu/h-x86_64-mingw32/bin/../lib/gcc/nios2-elf/5.3.0/../../../../../H-x86_64-mingw32/nios2-elf/lib\libsmallc.a(lib_a-__atexit.o)
 .comment       0x0000000000000023       0x24 d:/dev/intel/18.1/nios2eds/bin/gnu/h-x86_64-mingw32/bin/../lib/gcc/nios2-elf/5.3.0/../../../../../H-x86_64-mingw32/nios2-elf/lib\libsmallc.a(lib_a-__call_atexit.o)
 .comment       0x0000000000000023       0x24 ../test_frame_buffer_bsp/\libhal_bsp.a(alt_exit.o)

.debug
 *(.debug)

.line
 *(.line)

.debug_srcinfo
 *(.debug_srcinfo)

.debug_sfnames
 *(.debug_sfnames)

.debug_aranges  0x0000000000000000      0x4c0
 *(.debug_aranges)
 .debug_aranges
                0x0000000000000000       0x28 ../test_frame_buffer_bsp//obj/HAL/src/crt0.o
 .debug_aranges
                0x0000000000000028       0x20 obj/default/main.o
 .debug_aranges
                0x0000000000000048       0x20 obj/default/simple_gfx/simple_graphics.o
 .debug_aranges
                0x0000000000000068       0x20 d:/dev/intel/18.1/nios2eds/bin/gnu/h-x86_64-mingw32/bin/../lib/gcc/nios2-elf/5.3.0\libgcc.a(lib2-divmod.o)
 .debug_aranges
                0x0000000000000088       0x28 d:/dev/intel/18.1/nios2eds/bin/gnu/h-x86_64-mingw32/bin/../lib/gcc/nios2-elf/5.3.0/../../../../../H-x86_64-mingw32/nios2-elf/lib\libsmallc.a(lib_a-puts.o)
 .debug_aranges
                0x00000000000000b0       0x28 d:/dev/intel/18.1/nios2eds/bin/gnu/h-x86_64-mingw32/bin/../lib/gcc/nios2-elf/5.3.0/../../../../../H-x86_64-mingw32/nios2-elf/lib\libsmallc.a(lib_a-rand.o)
 .debug_aranges
                0x00000000000000d8       0x20 d:/dev/intel/18.1/nios2eds/bin/gnu/h-x86_64-mingw32/bin/../lib/gcc/nios2-elf/5.3.0/../../../../../H-x86_64-mingw32/nios2-elf/lib\libsmallc.a(lib_a-strlen.o)
 .debug_aranges
                0x00000000000000f8       0x20 d:/dev/intel/18.1/nios2eds/bin/gnu/h-x86_64-mingw32/bin/../lib/gcc/nios2-elf/5.3.0/../../../../../H-x86_64-mingw32/nios2-elf/lib\libsmallc.a(lib_a-fvwrite_small_dev.o)
 .debug_aranges
                0x0000000000000118       0x18 d:/dev/intel/18.1/nios2eds/bin/gnu/h-x86_64-mingw32/bin/../lib/gcc/nios2-elf/5.3.0/../../../../../H-x86_64-mingw32/nios2-elf/lib\libsmallc.a(lib_a-impure.o)
 .debug_aranges
                0x0000000000000130       0x20 d:/dev/intel/18.1/nios2eds/bin/gnu/h-x86_64-mingw32/bin/../lib/gcc/nios2-elf/5.3.0/../../../../../H-x86_64-mingw32/nios2-elf/lib\libsmallc.a(lib_a-writer.o)
 .debug_aranges
                0x0000000000000150       0x18 d:/dev/intel/18.1/nios2eds/bin/gnu/h-x86_64-mingw32/bin/../lib/gcc/nios2-elf/5.3.0/../../../../../H-x86_64-mingw32/nios2-elf/lib\libsmallc.a(lib_a-int_errno.o)
 .debug_aranges
                0x0000000000000168       0x20 d:/dev/intel/18.1/nios2eds/bin/gnu/h-x86_64-mingw32/bin/../lib/gcc/nios2-elf/5.3.0\libgcc.a(_muldi3.o)
 .debug_aranges
                0x0000000000000188       0x20 ../test_frame_buffer_bsp/\libhal_bsp.a(alt_main.o)
 .debug_aranges
                0x00000000000001a8       0x20 ../test_frame_buffer_bsp/\libhal_bsp.a(alt_write.o)
 .debug_aranges
                0x00000000000001c8       0x20 ../test_frame_buffer_bsp/\libhal_bsp.a(alt_sys_init.o)
 .debug_aranges
                0x00000000000001e8       0x20 ../test_frame_buffer_bsp/\libhal_bsp.a(altera_avalon_jtag_uart_fd.o)
 .debug_aranges
                0x0000000000000208       0x20 ../test_frame_buffer_bsp/\libhal_bsp.a(altera_avalon_jtag_uart_read.o)
 .debug_aranges
                0x0000000000000228       0x20 ../test_frame_buffer_bsp/\libhal_bsp.a(altera_avalon_jtag_uart_write.o)
 .debug_aranges
                0x0000000000000248       0x20 ../test_frame_buffer_bsp/\libhal_bsp.a(altera_up_avalon_video_pixel_buffer_dma.o)
 .debug_aranges
                0x0000000000000268       0x20 ../test_frame_buffer_bsp/\libhal_bsp.a(alt_close.o)
 .debug_aranges
                0x0000000000000288       0x20 ../test_frame_buffer_bsp/\libhal_bsp.a(alt_dev.o)
 .debug_aranges
                0x00000000000002a8       0x20 ../test_frame_buffer_bsp/\libhal_bsp.a(alt_dev_llist_insert.o)
 .debug_aranges
                0x00000000000002c8       0x20 ../test_frame_buffer_bsp/\libhal_bsp.a(alt_do_ctors.o)
 .debug_aranges
                0x00000000000002e8       0x20 ../test_frame_buffer_bsp/\libhal_bsp.a(alt_do_dtors.o)
 .debug_aranges
                0x0000000000000308       0x18 ../test_frame_buffer_bsp/\libhal_bsp.a(alt_errno.o)
 .debug_aranges
                0x0000000000000320       0x20 ../test_frame_buffer_bsp/\libhal_bsp.a(alt_find_dev.o)
 .debug_aranges
                0x0000000000000340       0x20 ../test_frame_buffer_bsp/\libhal_bsp.a(alt_io_redirect.o)
 .debug_aranges
                0x0000000000000360       0x20 ../test_frame_buffer_bsp/\libhal_bsp.a(alt_open.o)
 .debug_aranges
                0x0000000000000380       0x20 ../test_frame_buffer_bsp/\libhal_bsp.a(alt_release_fd.o)
 .debug_aranges
                0x00000000000003a0       0x20 ../test_frame_buffer_bsp/\libhal_bsp.a(altera_nios2_gen2_irq.o)
 .debug_aranges
                0x00000000000003c0       0x20 ../test_frame_buffer_bsp/\libhal_bsp.a(alt_find_file.o)
 .debug_aranges
                0x00000000000003e0       0x20 ../test_frame_buffer_bsp/\libhal_bsp.a(alt_get_fd.o)
 .debug_aranges
                0x0000000000000400       0x20 d:/dev/intel/18.1/nios2eds/bin/gnu/h-x86_64-mingw32/bin/../lib/gcc/nios2-elf/5.3.0/../../../../../H-x86_64-mingw32/nios2-elf/lib\libsmallc.a(lib_a-atexit.o)
 .debug_aranges
                0x0000000000000420       0x20 d:/dev/intel/18.1/nios2eds/bin/gnu/h-x86_64-mingw32/bin/../lib/gcc/nios2-elf/5.3.0/../../../../../H-x86_64-mingw32/nios2-elf/lib\libsmallc.a(lib_a-exit.o)
 .debug_aranges
                0x0000000000000440       0x20 d:/dev/intel/18.1/nios2eds/bin/gnu/h-x86_64-mingw32/bin/../lib/gcc/nios2-elf/5.3.0/../../../../../H-x86_64-mingw32/nios2-elf/lib\libsmallc.a(lib_a-memcmp.o)
 .debug_aranges
                0x0000000000000460       0x20 d:/dev/intel/18.1/nios2eds/bin/gnu/h-x86_64-mingw32/bin/../lib/gcc/nios2-elf/5.3.0/../../../../../H-x86_64-mingw32/nios2-elf/lib\libsmallc.a(lib_a-__atexit.o)
 .debug_aranges
                0x0000000000000480       0x20 d:/dev/intel/18.1/nios2eds/bin/gnu/h-x86_64-mingw32/bin/../lib/gcc/nios2-elf/5.3.0/../../../../../H-x86_64-mingw32/nios2-elf/lib\libsmallc.a(lib_a-__call_atexit.o)
 .debug_aranges
                0x00000000000004a0       0x20 ../test_frame_buffer_bsp/\libhal_bsp.a(alt_exit.o)

.debug_pubnames
 *(.debug_pubnames)

.debug_info     0x0000000000000000     0x852b
 *(.debug_info .gnu.linkonce.wi.*)
 .debug_info    0x0000000000000000       0x9e ../test_frame_buffer_bsp//obj/HAL/src/crt0.o
 .debug_info    0x000000000000009e      0x65b obj/default/main.o
 .debug_info    0x00000000000006f9      0x7a5 obj/default/simple_gfx/simple_graphics.o
 .debug_info    0x0000000000000e9e      0x2c6 d:/dev/intel/18.1/nios2eds/bin/gnu/h-x86_64-mingw32/bin/../lib/gcc/nios2-elf/5.3.0\libgcc.a(lib2-divmod.o)
 .debug_info    0x0000000000001164      0x66d d:/dev/intel/18.1/nios2eds/bin/gnu/h-x86_64-mingw32/bin/../lib/gcc/nios2-elf/5.3.0/../../../../../H-x86_64-mingw32/nios2-elf/lib\libsmallc.a(lib_a-puts.o)
 .debug_info    0x00000000000017d1      0x5ec d:/dev/intel/18.1/nios2eds/bin/gnu/h-x86_64-mingw32/bin/../lib/gcc/nios2-elf/5.3.0/../../../../../H-x86_64-mingw32/nios2-elf/lib\libsmallc.a(lib_a-rand.o)
 .debug_info    0x0000000000001dbd       0xc9 d:/dev/intel/18.1/nios2eds/bin/gnu/h-x86_64-mingw32/bin/../lib/gcc/nios2-elf/5.3.0/../../../../../H-x86_64-mingw32/nios2-elf/lib\libsmallc.a(lib_a-strlen.o)
 .debug_info    0x0000000000001e86      0x62b d:/dev/intel/18.1/nios2eds/bin/gnu/h-x86_64-mingw32/bin/../lib/gcc/nios2-elf/5.3.0/../../../../../H-x86_64-mingw32/nios2-elf/lib\libsmallc.a(lib_a-fvwrite_small_dev.o)
 .debug_info    0x00000000000024b1      0x5a9 d:/dev/intel/18.1/nios2eds/bin/gnu/h-x86_64-mingw32/bin/../lib/gcc/nios2-elf/5.3.0/../../../../../H-x86_64-mingw32/nios2-elf/lib\libsmallc.a(lib_a-impure.o)
 .debug_info    0x0000000000002a5a      0x630 d:/dev/intel/18.1/nios2eds/bin/gnu/h-x86_64-mingw32/bin/../lib/gcc/nios2-elf/5.3.0/../../../../../H-x86_64-mingw32/nios2-elf/lib\libsmallc.a(lib_a-writer.o)
 .debug_info    0x000000000000308a       0x8a d:/dev/intel/18.1/nios2eds/bin/gnu/h-x86_64-mingw32/bin/../lib/gcc/nios2-elf/5.3.0/../../../../../H-x86_64-mingw32/nios2-elf/lib\libsmallc.a(lib_a-int_errno.o)
 .debug_info    0x0000000000003114      0x1eb d:/dev/intel/18.1/nios2eds/bin/gnu/h-x86_64-mingw32/bin/../lib/gcc/nios2-elf/5.3.0\libgcc.a(_muldi3.o)
 .debug_info    0x00000000000032ff      0x20d ../test_frame_buffer_bsp/\libhal_bsp.a(alt_main.o)
 .debug_info    0x000000000000350c      0x4ef ../test_frame_buffer_bsp/\libhal_bsp.a(alt_write.o)
 .debug_info    0x00000000000039fb      0x534 ../test_frame_buffer_bsp/\libhal_bsp.a(alt_sys_init.o)
 .debug_info    0x0000000000003f2f      0x3f5 ../test_frame_buffer_bsp/\libhal_bsp.a(altera_avalon_jtag_uart_fd.o)
 .debug_info    0x0000000000004324      0x1b4 ../test_frame_buffer_bsp/\libhal_bsp.a(altera_avalon_jtag_uart_read.o)
 .debug_info    0x00000000000044d8      0x197 ../test_frame_buffer_bsp/\libhal_bsp.a(altera_avalon_jtag_uart_write.o)
 .debug_info    0x000000000000466f      0xc5d ../test_frame_buffer_bsp/\libhal_bsp.a(altera_up_avalon_video_pixel_buffer_dma.o)
 .debug_info    0x00000000000052cc      0x354 ../test_frame_buffer_bsp/\libhal_bsp.a(alt_close.o)
 .debug_info    0x0000000000005620      0x499 ../test_frame_buffer_bsp/\libhal_bsp.a(alt_dev.o)
 .debug_info    0x0000000000005ab9      0x1b3 ../test_frame_buffer_bsp/\libhal_bsp.a(alt_dev_llist_insert.o)
 .debug_info    0x0000000000005c6c       0x84 ../test_frame_buffer_bsp/\libhal_bsp.a(alt_do_ctors.o)
 .debug_info    0x0000000000005cf0       0x84 ../test_frame_buffer_bsp/\libhal_bsp.a(alt_do_dtors.o)
 .debug_info    0x0000000000005d74       0xa6 ../test_frame_buffer_bsp/\libhal_bsp.a(alt_errno.o)
 .debug_info    0x0000000000005e1a      0x32d ../test_frame_buffer_bsp/\libhal_bsp.a(alt_find_dev.o)
 .debug_info    0x0000000000006147      0x567 ../test_frame_buffer_bsp/\libhal_bsp.a(alt_io_redirect.o)
 .debug_info    0x00000000000066ae      0x47a ../test_frame_buffer_bsp/\libhal_bsp.a(alt_open.o)
 .debug_info    0x0000000000006b28      0x2b1 ../test_frame_buffer_bsp/\libhal_bsp.a(alt_release_fd.o)
 .debug_info    0x0000000000006dd9       0x92 ../test_frame_buffer_bsp/\libhal_bsp.a(altera_nios2_gen2_irq.o)
 .debug_info    0x0000000000006e6b      0x329 ../test_frame_buffer_bsp/\libhal_bsp.a(alt_find_file.o)
 .debug_info    0x0000000000007194      0x311 ../test_frame_buffer_bsp/\libhal_bsp.a(alt_get_fd.o)
 .debug_info    0x00000000000074a5       0xfe d:/dev/intel/18.1/nios2eds/bin/gnu/h-x86_64-mingw32/bin/../lib/gcc/nios2-elf/5.3.0/../../../../../H-x86_64-mingw32/nios2-elf/lib\libsmallc.a(lib_a-atexit.o)
 .debug_info    0x00000000000075a3       0xe5 d:/dev/intel/18.1/nios2eds/bin/gnu/h-x86_64-mingw32/bin/../lib/gcc/nios2-elf/5.3.0/../../../../../H-x86_64-mingw32/nios2-elf/lib\libsmallc.a(lib_a-exit.o)
 .debug_info    0x0000000000007688       0xf4 d:/dev/intel/18.1/nios2eds/bin/gnu/h-x86_64-mingw32/bin/../lib/gcc/nios2-elf/5.3.0/../../../../../H-x86_64-mingw32/nios2-elf/lib\libsmallc.a(lib_a-memcmp.o)
 .debug_info    0x000000000000777c      0x64a d:/dev/intel/18.1/nios2eds/bin/gnu/h-x86_64-mingw32/bin/../lib/gcc/nios2-elf/5.3.0/../../../../../H-x86_64-mingw32/nios2-elf/lib\libsmallc.a(lib_a-__atexit.o)
 .debug_info    0x0000000000007dc6      0x67b d:/dev/intel/18.1/nios2eds/bin/gnu/h-x86_64-mingw32/bin/../lib/gcc/nios2-elf/5.3.0/../../../../../H-x86_64-mingw32/nios2-elf/lib\libsmallc.a(lib_a-__call_atexit.o)
 .debug_info    0x0000000000008441       0xea ../test_frame_buffer_bsp/\libhal_bsp.a(alt_exit.o)

.debug_abbrev   0x0000000000000000     0x297a
 *(.debug_abbrev)
 .debug_abbrev  0x0000000000000000       0x12 ../test_frame_buffer_bsp//obj/HAL/src/crt0.o
 .debug_abbrev  0x0000000000000012      0x146 obj/default/main.o
 .debug_abbrev  0x0000000000000158      0x160 obj/default/simple_gfx/simple_graphics.o
 .debug_abbrev  0x00000000000002b8      0x10e d:/dev/intel/18.1/nios2eds/bin/gnu/h-x86_64-mingw32/bin/../lib/gcc/nios2-elf/5.3.0\libgcc.a(lib2-divmod.o)
 .debug_abbrev  0x00000000000003c6      0x1d6 d:/dev/intel/18.1/nios2eds/bin/gnu/h-x86_64-mingw32/bin/../lib/gcc/nios2-elf/5.3.0/../../../../../H-x86_64-mingw32/nios2-elf/lib\libsmallc.a(lib_a-puts.o)
 .debug_abbrev  0x000000000000059c      0x1a0 d:/dev/intel/18.1/nios2eds/bin/gnu/h-x86_64-mingw32/bin/../lib/gcc/nios2-elf/5.3.0/../../../../../H-x86_64-mingw32/nios2-elf/lib\libsmallc.a(lib_a-rand.o)
 .debug_abbrev  0x000000000000073c       0x7f d:/dev/intel/18.1/nios2eds/bin/gnu/h-x86_64-mingw32/bin/../lib/gcc/nios2-elf/5.3.0/../../../../../H-x86_64-mingw32/nios2-elf/lib\libsmallc.a(lib_a-strlen.o)
 .debug_abbrev  0x00000000000007bb      0x1bc d:/dev/intel/18.1/nios2eds/bin/gnu/h-x86_64-mingw32/bin/../lib/gcc/nios2-elf/5.3.0/../../../../../H-x86_64-mingw32/nios2-elf/lib\libsmallc.a(lib_a-fvwrite_small_dev.o)
 .debug_abbrev  0x0000000000000977      0x14a d:/dev/intel/18.1/nios2eds/bin/gnu/h-x86_64-mingw32/bin/../lib/gcc/nios2-elf/5.3.0/../../../../../H-x86_64-mingw32/nios2-elf/lib\libsmallc.a(lib_a-impure.o)
 .debug_abbrev  0x0000000000000ac1      0x1a6 d:/dev/intel/18.1/nios2eds/bin/gnu/h-x86_64-mingw32/bin/../lib/gcc/nios2-elf/5.3.0/../../../../../H-x86_64-mingw32/nios2-elf/lib\libsmallc.a(lib_a-writer.o)
 .debug_abbrev  0x0000000000000c67       0x37 d:/dev/intel/18.1/nios2eds/bin/gnu/h-x86_64-mingw32/bin/../lib/gcc/nios2-elf/5.3.0/../../../../../H-x86_64-mingw32/nios2-elf/lib\libsmallc.a(lib_a-int_errno.o)
 .debug_abbrev  0x0000000000000c9e       0xef d:/dev/intel/18.1/nios2eds/bin/gnu/h-x86_64-mingw32/bin/../lib/gcc/nios2-elf/5.3.0\libgcc.a(_muldi3.o)
 .debug_abbrev  0x0000000000000d8d       0xfd ../test_frame_buffer_bsp/\libhal_bsp.a(alt_main.o)
 .debug_abbrev  0x0000000000000e8a      0x152 ../test_frame_buffer_bsp/\libhal_bsp.a(alt_write.o)
 .debug_abbrev  0x0000000000000fdc      0x1c8 ../test_frame_buffer_bsp/\libhal_bsp.a(alt_sys_init.o)
 .debug_abbrev  0x00000000000011a4      0x122 ../test_frame_buffer_bsp/\libhal_bsp.a(altera_avalon_jtag_uart_fd.o)
 .debug_abbrev  0x00000000000012c6      0x102 ../test_frame_buffer_bsp/\libhal_bsp.a(altera_avalon_jtag_uart_read.o)
 .debug_abbrev  0x00000000000013c8       0xd5 ../test_frame_buffer_bsp/\libhal_bsp.a(altera_avalon_jtag_uart_write.o)
 .debug_abbrev  0x000000000000149d      0x256 ../test_frame_buffer_bsp/\libhal_bsp.a(altera_up_avalon_video_pixel_buffer_dma.o)
 .debug_abbrev  0x00000000000016f3      0x14f ../test_frame_buffer_bsp/\libhal_bsp.a(alt_close.o)
 .debug_abbrev  0x0000000000001842       0xd9 ../test_frame_buffer_bsp/\libhal_bsp.a(alt_dev.o)
 .debug_abbrev  0x000000000000191b      0x11c ../test_frame_buffer_bsp/\libhal_bsp.a(alt_dev_llist_insert.o)
 .debug_abbrev  0x0000000000001a37       0x79 ../test_frame_buffer_bsp/\libhal_bsp.a(alt_do_ctors.o)
 .debug_abbrev  0x0000000000001ab0       0x79 ../test_frame_buffer_bsp/\libhal_bsp.a(alt_do_dtors.o)
 .debug_abbrev  0x0000000000001b29       0x5a ../test_frame_buffer_bsp/\libhal_bsp.a(alt_errno.o)
 .debug_abbrev  0x0000000000001b83      0x125 ../test_frame_buffer_bsp/\libhal_bsp.a(alt_find_dev.o)
 .debug_abbrev  0x0000000000001ca8      0x189 ../test_frame_buffer_bsp/\libhal_bsp.a(alt_io_redirect.o)
 .debug_abbrev  0x0000000000001e31      0x1be ../test_frame_buffer_bsp/\libhal_bsp.a(alt_open.o)
 .debug_abbrev  0x0000000000001fef       0xde ../test_frame_buffer_bsp/\libhal_bsp.a(alt_release_fd.o)
 .debug_abbrev  0x00000000000020cd       0x42 ../test_frame_buffer_bsp/\libhal_bsp.a(altera_nios2_gen2_irq.o)
 .debug_abbrev  0x000000000000210f      0x125 ../test_frame_buffer_bsp/\libhal_bsp.a(alt_find_file.o)
 .debug_abbrev  0x0000000000002234      0x10d ../test_frame_buffer_bsp/\libhal_bsp.a(alt_get_fd.o)
 .debug_abbrev  0x0000000000002341       0xaa d:/dev/intel/18.1/nios2eds/bin/gnu/h-x86_64-mingw32/bin/../lib/gcc/nios2-elf/5.3.0/../../../../../H-x86_64-mingw32/nios2-elf/lib\libsmallc.a(lib_a-atexit.o)
 .debug_abbrev  0x00000000000023eb       0x8b d:/dev/intel/18.1/nios2eds/bin/gnu/h-x86_64-mingw32/bin/../lib/gcc/nios2-elf/5.3.0/../../../../../H-x86_64-mingw32/nios2-elf/lib\libsmallc.a(lib_a-exit.o)
 .debug_abbrev  0x0000000000002476       0x7f d:/dev/intel/18.1/nios2eds/bin/gnu/h-x86_64-mingw32/bin/../lib/gcc/nios2-elf/5.3.0/../../../../../H-x86_64-mingw32/nios2-elf/lib\libsmallc.a(lib_a-memcmp.o)
 .debug_abbrev  0x00000000000024f5      0x1e6 d:/dev/intel/18.1/nios2eds/bin/gnu/h-x86_64-mingw32/bin/../lib/gcc/nios2-elf/5.3.0/../../../../../H-x86_64-mingw32/nios2-elf/lib\libsmallc.a(lib_a-__atexit.o)
 .debug_abbrev  0x00000000000026db      0x1f6 d:/dev/intel/18.1/nios2eds/bin/gnu/h-x86_64-mingw32/bin/../lib/gcc/nios2-elf/5.3.0/../../../../../H-x86_64-mingw32/nios2-elf/lib\libsmallc.a(lib_a-__call_atexit.o)
 .debug_abbrev  0x00000000000028d1       0xa9 ../test_frame_buffer_bsp/\libhal_bsp.a(alt_exit.o)

.debug_line     0x0000000000000000     0x2ecf
 *(.debug_line)
 .debug_line    0x0000000000000000       0x63 ../test_frame_buffer_bsp//obj/HAL/src/crt0.o
 .debug_line    0x0000000000000063      0x1cf obj/default/main.o
 .debug_line    0x0000000000000232      0x1f7 obj/default/simple_gfx/simple_graphics.o
 .debug_line    0x0000000000000429      0x102 d:/dev/intel/18.1/nios2eds/bin/gnu/h-x86_64-mingw32/bin/../lib/gcc/nios2-elf/5.3.0\libgcc.a(lib2-divmod.o)
 .debug_line    0x000000000000052b      0x203 d:/dev/intel/18.1/nios2eds/bin/gnu/h-x86_64-mingw32/bin/../lib/gcc/nios2-elf/5.3.0/../../../../../H-x86_64-mingw32/nios2-elf/lib\libsmallc.a(lib_a-puts.o)
 .debug_line    0x000000000000072e      0x1e8 d:/dev/intel/18.1/nios2eds/bin/gnu/h-x86_64-mingw32/bin/../lib/gcc/nios2-elf/5.3.0/../../../../../H-x86_64-mingw32/nios2-elf/lib\libsmallc.a(lib_a-rand.o)
 .debug_line    0x0000000000000916      0x159 d:/dev/intel/18.1/nios2eds/bin/gnu/h-x86_64-mingw32/bin/../lib/gcc/nios2-elf/5.3.0/../../../../../H-x86_64-mingw32/nios2-elf/lib\libsmallc.a(lib_a-strlen.o)
 .debug_line    0x0000000000000a6f      0x1ed d:/dev/intel/18.1/nios2eds/bin/gnu/h-x86_64-mingw32/bin/../lib/gcc/nios2-elf/5.3.0/../../../../../H-x86_64-mingw32/nios2-elf/lib\libsmallc.a(lib_a-fvwrite_small_dev.o)
 .debug_line    0x0000000000000c5c      0x153 d:/dev/intel/18.1/nios2eds/bin/gnu/h-x86_64-mingw32/bin/../lib/gcc/nios2-elf/5.3.0/../../../../../H-x86_64-mingw32/nios2-elf/lib\libsmallc.a(lib_a-impure.o)
 .debug_line    0x0000000000000daf      0x1ea d:/dev/intel/18.1/nios2eds/bin/gnu/h-x86_64-mingw32/bin/../lib/gcc/nios2-elf/5.3.0/../../../../../H-x86_64-mingw32/nios2-elf/lib\libsmallc.a(lib_a-writer.o)
 .debug_line    0x0000000000000f99       0x5c d:/dev/intel/18.1/nios2eds/bin/gnu/h-x86_64-mingw32/bin/../lib/gcc/nios2-elf/5.3.0/../../../../../H-x86_64-mingw32/nios2-elf/lib\libsmallc.a(lib_a-int_errno.o)
 .debug_line    0x0000000000000ff5       0x86 d:/dev/intel/18.1/nios2eds/bin/gnu/h-x86_64-mingw32/bin/../lib/gcc/nios2-elf/5.3.0\libgcc.a(_muldi3.o)
 .debug_line    0x000000000000107b      0x16f ../test_frame_buffer_bsp/\libhal_bsp.a(alt_main.o)
 .debug_line    0x00000000000011ea      0x1bc ../test_frame_buffer_bsp/\libhal_bsp.a(alt_write.o)
 .debug_line    0x00000000000013a6      0x1d0 ../test_frame_buffer_bsp/\libhal_bsp.a(alt_sys_init.o)
 .debug_line    0x0000000000001576      0x10b ../test_frame_buffer_bsp/\libhal_bsp.a(altera_avalon_jtag_uart_fd.o)
 .debug_line    0x0000000000001681       0xfb ../test_frame_buffer_bsp/\libhal_bsp.a(altera_avalon_jtag_uart_read.o)
 .debug_line    0x000000000000177c       0xf0 ../test_frame_buffer_bsp/\libhal_bsp.a(altera_avalon_jtag_uart_write.o)
 .debug_line    0x000000000000186c      0x3df ../test_frame_buffer_bsp/\libhal_bsp.a(altera_up_avalon_video_pixel_buffer_dma.o)
 .debug_line    0x0000000000001c4b      0x148 ../test_frame_buffer_bsp/\libhal_bsp.a(alt_close.o)
 .debug_line    0x0000000000001d93       0xf1 ../test_frame_buffer_bsp/\libhal_bsp.a(alt_dev.o)
 .debug_line    0x0000000000001e84       0xd8 ../test_frame_buffer_bsp/\libhal_bsp.a(alt_dev_llist_insert.o)
 .debug_line    0x0000000000001f5c       0x60 ../test_frame_buffer_bsp/\libhal_bsp.a(alt_do_ctors.o)
 .debug_line    0x0000000000001fbc       0x60 ../test_frame_buffer_bsp/\libhal_bsp.a(alt_do_dtors.o)
 .debug_line    0x000000000000201c       0x51 ../test_frame_buffer_bsp/\libhal_bsp.a(alt_errno.o)
 .debug_line    0x000000000000206d      0x102 ../test_frame_buffer_bsp/\libhal_bsp.a(alt_find_dev.o)
 .debug_line    0x000000000000216f      0x146 ../test_frame_buffer_bsp/\libhal_bsp.a(alt_io_redirect.o)
 .debug_line    0x00000000000022b5      0x103 ../test_frame_buffer_bsp/\libhal_bsp.a(alt_open.o)
 .debug_line    0x00000000000023b8       0xac ../test_frame_buffer_bsp/\libhal_bsp.a(alt_release_fd.o)
 .debug_line    0x0000000000002464       0x50 ../test_frame_buffer_bsp/\libhal_bsp.a(altera_nios2_gen2_irq.o)
 .debug_line    0x00000000000024b4      0x11a ../test_frame_buffer_bsp/\libhal_bsp.a(alt_find_file.o)
 .debug_line    0x00000000000025ce       0xcd ../test_frame_buffer_bsp/\libhal_bsp.a(alt_get_fd.o)
 .debug_line    0x000000000000269b       0xe4 d:/dev/intel/18.1/nios2eds/bin/gnu/h-x86_64-mingw32/bin/../lib/gcc/nios2-elf/5.3.0/../../../../../H-x86_64-mingw32/nios2-elf/lib\libsmallc.a(lib_a-atexit.o)
 .debug_line    0x000000000000277f      0x156 d:/dev/intel/18.1/nios2eds/bin/gnu/h-x86_64-mingw32/bin/../lib/gcc/nios2-elf/5.3.0/../../../../../H-x86_64-mingw32/nios2-elf/lib\libsmallc.a(lib_a-exit.o)
 .debug_line    0x00000000000028d5      0x15d d:/dev/intel/18.1/nios2eds/bin/gnu/h-x86_64-mingw32/bin/../lib/gcc/nios2-elf/5.3.0/../../../../../H-x86_64-mingw32/nios2-elf/lib\libsmallc.a(lib_a-memcmp.o)
 .debug_line    0x0000000000002a32      0x20a d:/dev/intel/18.1/nios2eds/bin/gnu/h-x86_64-mingw32/bin/../lib/gcc/nios2-elf/5.3.0/../../../../../H-x86_64-mingw32/nios2-elf/lib\libsmallc.a(lib_a-__atexit.o)
 .debug_line    0x0000000000002c3c      0x22f d:/dev/intel/18.1/nios2eds/bin/gnu/h-x86_64-mingw32/bin/../lib/gcc/nios2-elf/5.3.0/../../../../../H-x86_64-mingw32/nios2-elf/lib\libsmallc.a(lib_a-__call_atexit.o)
 .debug_line    0x0000000000002e6b       0x64 ../test_frame_buffer_bsp/\libhal_bsp.a(alt_exit.o)

.debug_frame    0x0000000000000000      0x8a4
 *(.debug_frame)
 .debug_frame   0x0000000000000000       0x38 obj/default/main.o
 .debug_frame   0x0000000000000038       0xd4 obj/default/simple_gfx/simple_graphics.o
 .debug_frame   0x000000000000010c       0x50 d:/dev/intel/18.1/nios2eds/bin/gnu/h-x86_64-mingw32/bin/../lib/gcc/nios2-elf/5.3.0\libgcc.a(lib2-divmod.o)
 .debug_frame   0x000000000000015c       0x48 d:/dev/intel/18.1/nios2eds/bin/gnu/h-x86_64-mingw32/bin/../lib/gcc/nios2-elf/5.3.0/../../../../../H-x86_64-mingw32/nios2-elf/lib\libsmallc.a(lib_a-puts.o)
 .debug_frame   0x00000000000001a4       0x40 d:/dev/intel/18.1/nios2eds/bin/gnu/h-x86_64-mingw32/bin/../lib/gcc/nios2-elf/5.3.0/../../../../../H-x86_64-mingw32/nios2-elf/lib\libsmallc.a(lib_a-rand.o)
 .debug_frame   0x00000000000001e4       0x20 d:/dev/intel/18.1/nios2eds/bin/gnu/h-x86_64-mingw32/bin/../lib/gcc/nios2-elf/5.3.0/../../../../../H-x86_64-mingw32/nios2-elf/lib\libsmallc.a(lib_a-strlen.o)
 .debug_frame   0x0000000000000204       0x58 d:/dev/intel/18.1/nios2eds/bin/gnu/h-x86_64-mingw32/bin/../lib/gcc/nios2-elf/5.3.0/../../../../../H-x86_64-mingw32/nios2-elf/lib\libsmallc.a(lib_a-fvwrite_small_dev.o)
 .debug_frame   0x000000000000025c       0x38 d:/dev/intel/18.1/nios2eds/bin/gnu/h-x86_64-mingw32/bin/../lib/gcc/nios2-elf/5.3.0/../../../../../H-x86_64-mingw32/nios2-elf/lib\libsmallc.a(lib_a-writer.o)
 .debug_frame   0x0000000000000294       0x20 d:/dev/intel/18.1/nios2eds/bin/gnu/h-x86_64-mingw32/bin/../lib/gcc/nios2-elf/5.3.0\libgcc.a(_muldi3.o)
 .debug_frame   0x00000000000002b4       0x28 ../test_frame_buffer_bsp/\libhal_bsp.a(alt_main.o)
 .debug_frame   0x00000000000002dc       0x40 ../test_frame_buffer_bsp/\libhal_bsp.a(alt_write.o)
 .debug_frame   0x000000000000031c       0x48 ../test_frame_buffer_bsp/\libhal_bsp.a(alt_sys_init.o)
 .debug_frame   0x0000000000000364       0x30 ../test_frame_buffer_bsp/\libhal_bsp.a(altera_avalon_jtag_uart_fd.o)
 .debug_frame   0x0000000000000394       0x20 ../test_frame_buffer_bsp/\libhal_bsp.a(altera_avalon_jtag_uart_read.o)
 .debug_frame   0x00000000000003b4       0x20 ../test_frame_buffer_bsp/\libhal_bsp.a(altera_avalon_jtag_uart_write.o)
 .debug_frame   0x00000000000003d4      0x130 ../test_frame_buffer_bsp/\libhal_bsp.a(altera_up_avalon_video_pixel_buffer_dma.o)
 .debug_frame   0x0000000000000504       0x34 ../test_frame_buffer_bsp/\libhal_bsp.a(alt_close.o)
 .debug_frame   0x0000000000000538       0x20 ../test_frame_buffer_bsp/\libhal_bsp.a(alt_dev.o)
 .debug_frame   0x0000000000000558       0x2c ../test_frame_buffer_bsp/\libhal_bsp.a(alt_dev_llist_insert.o)
 .debug_frame   0x0000000000000584       0x34 ../test_frame_buffer_bsp/\libhal_bsp.a(alt_do_ctors.o)
 .debug_frame   0x00000000000005b8       0x34 ../test_frame_buffer_bsp/\libhal_bsp.a(alt_do_dtors.o)
 .debug_frame   0x00000000000005ec       0x3c ../test_frame_buffer_bsp/\libhal_bsp.a(alt_find_dev.o)
 .debug_frame   0x0000000000000628       0x6c ../test_frame_buffer_bsp/\libhal_bsp.a(alt_io_redirect.o)
 .debug_frame   0x0000000000000694       0x48 ../test_frame_buffer_bsp/\libhal_bsp.a(alt_open.o)
 .debug_frame   0x00000000000006dc       0x20 ../test_frame_buffer_bsp/\libhal_bsp.a(alt_release_fd.o)
 .debug_frame   0x00000000000006fc       0x20 ../test_frame_buffer_bsp/\libhal_bsp.a(altera_nios2_gen2_irq.o)
 .debug_frame   0x000000000000071c       0x44 ../test_frame_buffer_bsp/\libhal_bsp.a(alt_find_file.o)
 .debug_frame   0x0000000000000760       0x20 ../test_frame_buffer_bsp/\libhal_bsp.a(alt_get_fd.o)
 .debug_frame   0x0000000000000780       0x20 d:/dev/intel/18.1/nios2eds/bin/gnu/h-x86_64-mingw32/bin/../lib/gcc/nios2-elf/5.3.0/../../../../../H-x86_64-mingw32/nios2-elf/lib\libsmallc.a(lib_a-atexit.o)
 .debug_frame   0x00000000000007a0       0x28 d:/dev/intel/18.1/nios2eds/bin/gnu/h-x86_64-mingw32/bin/../lib/gcc/nios2-elf/5.3.0/../../../../../H-x86_64-mingw32/nios2-elf/lib\libsmallc.a(lib_a-exit.o)
 .debug_frame   0x00000000000007c8       0x20 d:/dev/intel/18.1/nios2eds/bin/gnu/h-x86_64-mingw32/bin/../lib/gcc/nios2-elf/5.3.0/../../../../../H-x86_64-mingw32/nios2-elf/lib\libsmallc.a(lib_a-memcmp.o)
 .debug_frame   0x00000000000007e8       0x48 d:/dev/intel/18.1/nios2eds/bin/gnu/h-x86_64-mingw32/bin/../lib/gcc/nios2-elf/5.3.0/../../../../../H-x86_64-mingw32/nios2-elf/lib\libsmallc.a(lib_a-__atexit.o)
 .debug_frame   0x0000000000000830       0x54 d:/dev/intel/18.1/nios2eds/bin/gnu/h-x86_64-mingw32/bin/../lib/gcc/nios2-elf/5.3.0/../../../../../H-x86_64-mingw32/nios2-elf/lib\libsmallc.a(lib_a-__call_atexit.o)
 .debug_frame   0x0000000000000884       0x20 ../test_frame_buffer_bsp/\libhal_bsp.a(alt_exit.o)

.debug_str      0x0000000000000000     0x1774
 *(.debug_str)
 .debug_str     0x0000000000000000      0x356 obj/default/main.o
                                        0x3e2 (size before relaxing)
 .debug_str     0x0000000000000356       0xf5 obj/default/simple_gfx/simple_graphics.o
                                        0x3ef (size before relaxing)
 .debug_str     0x000000000000044b      0x16d d:/dev/intel/18.1/nios2eds/bin/gnu/h-x86_64-mingw32/bin/../lib/gcc/nios2-elf/5.3.0\libgcc.a(lib2-divmod.o)
                                        0x1b8 (size before relaxing)
 .debug_str     0x00000000000005b8      0x3d4 d:/dev/intel/18.1/nios2eds/bin/gnu/h-x86_64-mingw32/bin/../lib/gcc/nios2-elf/5.3.0/../../../../../H-x86_64-mingw32/nios2-elf/lib\libsmallc.a(lib_a-puts.o)
                                        0x4b3 (size before relaxing)
 .debug_str     0x000000000000098c       0xd2 d:/dev/intel/18.1/nios2eds/bin/gnu/h-x86_64-mingw32/bin/../lib/gcc/nios2-elf/5.3.0/../../../../../H-x86_64-mingw32/nios2-elf/lib\libsmallc.a(lib_a-rand.o)
                                        0x4a5 (size before relaxing)
 .debug_str     0x0000000000000a5e       0xc4 d:/dev/intel/18.1/nios2eds/bin/gnu/h-x86_64-mingw32/bin/../lib/gcc/nios2-elf/5.3.0/../../../../../H-x86_64-mingw32/nios2-elf/lib\libsmallc.a(lib_a-strlen.o)
                                        0x1cb (size before relaxing)
 .debug_str     0x0000000000000b22       0x60 d:/dev/intel/18.1/nios2eds/bin/gnu/h-x86_64-mingw32/bin/../lib/gcc/nios2-elf/5.3.0/../../../../../H-x86_64-mingw32/nios2-elf/lib\libsmallc.a(lib_a-fvwrite_small_dev.o)
                                        0x4ba (size before relaxing)
 .debug_str     0x0000000000000b82       0xe1 d:/dev/intel/18.1/nios2eds/bin/gnu/h-x86_64-mingw32/bin/../lib/gcc/nios2-elf/5.3.0/../../../../../H-x86_64-mingw32/nios2-elf/lib\libsmallc.a(lib_a-impure.o)
                                        0x4a4 (size before relaxing)
 .debug_str     0x0000000000000c63       0x42 d:/dev/intel/18.1/nios2eds/bin/gnu/h-x86_64-mingw32/bin/../lib/gcc/nios2-elf/5.3.0/../../../../../H-x86_64-mingw32/nios2-elf/lib\libsmallc.a(lib_a-writer.o)
                                        0x49e (size before relaxing)
 .debug_str     0x0000000000000ca5       0x3c d:/dev/intel/18.1/nios2eds/bin/gnu/h-x86_64-mingw32/bin/../lib/gcc/nios2-elf/5.3.0/../../../../../H-x86_64-mingw32/nios2-elf/lib\libsmallc.a(lib_a-int_errno.o)
                                        0x1be (size before relaxing)
 .debug_str     0x0000000000000ce1       0x91 d:/dev/intel/18.1/nios2eds/bin/gnu/h-x86_64-mingw32/bin/../lib/gcc/nios2-elf/5.3.0\libgcc.a(_muldi3.o)
                                        0x20b (size before relaxing)
 .debug_str     0x0000000000000d72       0xe2 ../test_frame_buffer_bsp/\libhal_bsp.a(alt_main.o)
                                        0x215 (size before relaxing)
 .debug_str     0x0000000000000e54      0x10d ../test_frame_buffer_bsp/\libhal_bsp.a(alt_write.o)
                                        0x325 (size before relaxing)
 .debug_str     0x0000000000000f61      0x12a ../test_frame_buffer_bsp/\libhal_bsp.a(alt_sys_init.o)
                                        0x418 (size before relaxing)
 .debug_str     0x000000000000108b       0xab ../test_frame_buffer_bsp/\libhal_bsp.a(altera_avalon_jtag_uart_fd.o)
                                        0x33d (size before relaxing)
 .debug_str     0x0000000000001136       0x2b ../test_frame_buffer_bsp/\libhal_bsp.a(altera_avalon_jtag_uart_read.o)
                                        0x24c (size before relaxing)
 .debug_str     0x0000000000001161       0x2c ../test_frame_buffer_bsp/\libhal_bsp.a(altera_avalon_jtag_uart_write.o)
                                        0x242 (size before relaxing)
 .debug_str     0x000000000000118d      0x1a7 ../test_frame_buffer_bsp/\libhal_bsp.a(altera_up_avalon_video_pixel_buffer_dma.o)
                                        0x54b (size before relaxing)
 .debug_str     0x0000000000001334       0x2a ../test_frame_buffer_bsp/\libhal_bsp.a(alt_close.o)
                                        0x247 (size before relaxing)
 .debug_str     0x000000000000135e       0x50 ../test_frame_buffer_bsp/\libhal_bsp.a(alt_dev.o)
                                        0x332 (size before relaxing)
 .debug_str     0x00000000000013ae       0x36 ../test_frame_buffer_bsp/\libhal_bsp.a(alt_dev_llist_insert.o)
                                        0x1f9 (size before relaxing)
 .debug_str     0x00000000000013e4       0x3e ../test_frame_buffer_bsp/\libhal_bsp.a(alt_do_ctors.o)
                                         0xfd (size before relaxing)
 .debug_str     0x0000000000001422       0x4c ../test_frame_buffer_bsp/\libhal_bsp.a(alt_do_dtors.o)
                                         0xfc (size before relaxing)
 .debug_str     0x000000000000146e       0x14 ../test_frame_buffer_bsp/\libhal_bsp.a(alt_errno.o)
                                        0x172 (size before relaxing)
 .debug_str     0x0000000000001482       0x1e ../test_frame_buffer_bsp/\libhal_bsp.a(alt_find_dev.o)
                                        0x227 (size before relaxing)
 .debug_str     0x00000000000014a0       0x46 ../test_frame_buffer_bsp/\libhal_bsp.a(alt_io_redirect.o)
                                        0x352 (size before relaxing)
 .debug_str     0x00000000000014e6       0x48 ../test_frame_buffer_bsp/\libhal_bsp.a(alt_open.o)
                                        0x2ad (size before relaxing)
 .debug_str     0x000000000000152e       0x19 ../test_frame_buffer_bsp/\libhal_bsp.a(alt_release_fd.o)
                                        0x200 (size before relaxing)
 .debug_str     0x0000000000001547       0x20 ../test_frame_buffer_bsp/\libhal_bsp.a(altera_nios2_gen2_irq.o)
                                        0x189 (size before relaxing)
 .debug_str     0x0000000000001567       0x18 ../test_frame_buffer_bsp/\libhal_bsp.a(alt_find_file.o)
                                        0x235 (size before relaxing)
 .debug_str     0x000000000000157f       0x25 ../test_frame_buffer_bsp/\libhal_bsp.a(alt_get_fd.o)
                                        0x249 (size before relaxing)
 .debug_str     0x00000000000015a4       0x7e d:/dev/intel/18.1/nios2eds/bin/gnu/h-x86_64-mingw32/bin/../lib/gcc/nios2-elf/5.3.0/../../../../../H-x86_64-mingw32/nios2-elf/lib\libsmallc.a(lib_a-atexit.o)
                                        0x202 (size before relaxing)
 .debug_str     0x0000000000001622       0x49 d:/dev/intel/18.1/nios2eds/bin/gnu/h-x86_64-mingw32/bin/../lib/gcc/nios2-elf/5.3.0/../../../../../H-x86_64-mingw32/nios2-elf/lib\libsmallc.a(lib_a-exit.o)
                                        0x1d6 (size before relaxing)
 .debug_str     0x000000000000166b       0x3a d:/dev/intel/18.1/nios2eds/bin/gnu/h-x86_64-mingw32/bin/../lib/gcc/nios2-elf/5.3.0/../../../../../H-x86_64-mingw32/nios2-elf/lib\libsmallc.a(lib_a-memcmp.o)
                                        0x1c5 (size before relaxing)
 .debug_str     0x00000000000016a5       0x43 d:/dev/intel/18.1/nios2eds/bin/gnu/h-x86_64-mingw32/bin/../lib/gcc/nios2-elf/5.3.0/../../../../../H-x86_64-mingw32/nios2-elf/lib\libsmallc.a(lib_a-__atexit.o)
                                        0x4e5 (size before relaxing)
 .debug_str     0x00000000000016e8       0x62 d:/dev/intel/18.1/nios2eds/bin/gnu/h-x86_64-mingw32/bin/../lib/gcc/nios2-elf/5.3.0/../../../../../H-x86_64-mingw32/nios2-elf/lib\libsmallc.a(lib_a-__call_atexit.o)
                                        0x4d1 (size before relaxing)
 .debug_str     0x000000000000174a       0x2a ../test_frame_buffer_bsp/\libhal_bsp.a(alt_exit.o)
                                        0x17e (size before relaxing)

.debug_loc      0x0000000000000000     0x2fe5
 *(.debug_loc)
 .debug_loc     0x0000000000000000      0x128 obj/default/main.o
 .debug_loc     0x0000000000000128      0x5d9 obj/default/simple_gfx/simple_graphics.o
 .debug_loc     0x0000000000000701      0x4ce d:/dev/intel/18.1/nios2eds/bin/gnu/h-x86_64-mingw32/bin/../lib/gcc/nios2-elf/5.3.0\libgcc.a(lib2-divmod.o)
 .debug_loc     0x0000000000000bcf       0x97 d:/dev/intel/18.1/nios2eds/bin/gnu/h-x86_64-mingw32/bin/../lib/gcc/nios2-elf/5.3.0/../../../../../H-x86_64-mingw32/nios2-elf/lib\libsmallc.a(lib_a-puts.o)
 .debug_loc     0x0000000000000c66       0x1e d:/dev/intel/18.1/nios2eds/bin/gnu/h-x86_64-mingw32/bin/../lib/gcc/nios2-elf/5.3.0/../../../../../H-x86_64-mingw32/nios2-elf/lib\libsmallc.a(lib_a-strlen.o)
 .debug_loc     0x0000000000000c84      0x110 d:/dev/intel/18.1/nios2eds/bin/gnu/h-x86_64-mingw32/bin/../lib/gcc/nios2-elf/5.3.0/../../../../../H-x86_64-mingw32/nios2-elf/lib\libsmallc.a(lib_a-fvwrite_small_dev.o)
 .debug_loc     0x0000000000000d94       0xa5 d:/dev/intel/18.1/nios2eds/bin/gnu/h-x86_64-mingw32/bin/../lib/gcc/nios2-elf/5.3.0/../../../../../H-x86_64-mingw32/nios2-elf/lib\libsmallc.a(lib_a-writer.o)
 .debug_loc     0x0000000000000e39      0x12d d:/dev/intel/18.1/nios2eds/bin/gnu/h-x86_64-mingw32/bin/../lib/gcc/nios2-elf/5.3.0\libgcc.a(_muldi3.o)
 .debug_loc     0x0000000000000f66       0x1e ../test_frame_buffer_bsp/\libhal_bsp.a(alt_main.o)
 .debug_loc     0x0000000000000f84      0x111 ../test_frame_buffer_bsp/\libhal_bsp.a(alt_write.o)
 .debug_loc     0x0000000000001095       0x5f ../test_frame_buffer_bsp/\libhal_bsp.a(alt_sys_init.o)
 .debug_loc     0x00000000000010f4      0x104 ../test_frame_buffer_bsp/\libhal_bsp.a(altera_avalon_jtag_uart_fd.o)
 .debug_loc     0x00000000000011f8       0xcd ../test_frame_buffer_bsp/\libhal_bsp.a(altera_avalon_jtag_uart_read.o)
 .debug_loc     0x00000000000012c5       0x8b ../test_frame_buffer_bsp/\libhal_bsp.a(altera_avalon_jtag_uart_write.o)
 .debug_loc     0x0000000000001350     0x1279 ../test_frame_buffer_bsp/\libhal_bsp.a(altera_up_avalon_video_pixel_buffer_dma.o)
 .debug_loc     0x00000000000025c9       0x6b ../test_frame_buffer_bsp/\libhal_bsp.a(alt_close.o)
 .debug_loc     0x0000000000002634       0x7e ../test_frame_buffer_bsp/\libhal_bsp.a(alt_dev_llist_insert.o)
 .debug_loc     0x00000000000026b2       0x2b ../test_frame_buffer_bsp/\libhal_bsp.a(alt_do_ctors.o)
 .debug_loc     0x00000000000026dd       0x2b ../test_frame_buffer_bsp/\libhal_bsp.a(alt_do_dtors.o)
 .debug_loc     0x0000000000002708       0x7e ../test_frame_buffer_bsp/\libhal_bsp.a(alt_find_dev.o)
 .debug_loc     0x0000000000002786      0x14a ../test_frame_buffer_bsp/\libhal_bsp.a(alt_io_redirect.o)
 .debug_loc     0x00000000000028d0      0x26e ../test_frame_buffer_bsp/\libhal_bsp.a(alt_open.o)
 .debug_loc     0x0000000000002b3e       0x21 ../test_frame_buffer_bsp/\libhal_bsp.a(alt_release_fd.o)
 .debug_loc     0x0000000000002b5f       0x52 ../test_frame_buffer_bsp/\libhal_bsp.a(alt_find_file.o)
 .debug_loc     0x0000000000002bb1       0x3f ../test_frame_buffer_bsp/\libhal_bsp.a(alt_get_fd.o)
 .debug_loc     0x0000000000002bf0       0x2c d:/dev/intel/18.1/nios2eds/bin/gnu/h-x86_64-mingw32/bin/../lib/gcc/nios2-elf/5.3.0/../../../../../H-x86_64-mingw32/nios2-elf/lib\libsmallc.a(lib_a-atexit.o)
 .debug_loc     0x0000000000002c1c       0x1e d:/dev/intel/18.1/nios2eds/bin/gnu/h-x86_64-mingw32/bin/../lib/gcc/nios2-elf/5.3.0/../../../../../H-x86_64-mingw32/nios2-elf/lib\libsmallc.a(lib_a-exit.o)
 .debug_loc     0x0000000000002c3a       0x94 d:/dev/intel/18.1/nios2eds/bin/gnu/h-x86_64-mingw32/bin/../lib/gcc/nios2-elf/5.3.0/../../../../../H-x86_64-mingw32/nios2-elf/lib\libsmallc.a(lib_a-memcmp.o)
 .debug_loc     0x0000000000002cce      0x1c0 d:/dev/intel/18.1/nios2eds/bin/gnu/h-x86_64-mingw32/bin/../lib/gcc/nios2-elf/5.3.0/../../../../../H-x86_64-mingw32/nios2-elf/lib\libsmallc.a(lib_a-__atexit.o)
 .debug_loc     0x0000000000002e8e      0x157 d:/dev/intel/18.1/nios2eds/bin/gnu/h-x86_64-mingw32/bin/../lib/gcc/nios2-elf/5.3.0/../../../../../H-x86_64-mingw32/nios2-elf/lib\libsmallc.a(lib_a-__call_atexit.o)

.debug_macinfo
 *(.debug_macinfo)

.debug_weaknames
 *(.debug_weaknames)

.debug_funcnames
 *(.debug_funcnames)

.debug_typenames
 *(.debug_typenames)

.debug_varnames
 *(.debug_varnames)

.debug_alt_sim_info
                0x0000000000000000       0x10
 *(.debug_alt_sim_info)
 .debug_alt_sim_info
                0x0000000000000000       0x10 ../test_frame_buffer_bsp//obj/HAL/src/crt0.o
                0x000000000100fd00                __alt_data_end = 0x100fd00
                0x000000000100fd00                PROVIDE (__alt_stack_pointer, __alt_data_end)
                [!provide]                        PROVIDE (__alt_stack_limit, __alt_stack_base)
                [!provide]                        PROVIDE (__alt_exception_stack_pointer, 0x1000000)
                [!provide]                        PROVIDE (__alt_exception_stack_limit, 0xffff00)
                [!provide]                        PROVIDE (__alt_interrupt_stack_pointer, 0xffff00)
                [!provide]                        PROVIDE (__alt_interrupt_stack_limit, 0xfffe00)
                [!provide]                        PROVIDE (__alt_heap_start, end)
                [!provide]                        PROVIDE (__alt_heap_limit, 0x100fd00)
OUTPUT(test_frame_buffer.elf elf32-littlenios2)

.debug_ranges   0x0000000000000000      0x238
 .debug_ranges  0x0000000000000000       0x20 ../test_frame_buffer_bsp//obj/HAL/src/crt0.o
 .debug_ranges  0x0000000000000020       0x10 obj/default/main.o
 .debug_ranges  0x0000000000000030       0x60 d:/dev/intel/18.1/nios2eds/bin/gnu/h-x86_64-mingw32/bin/../lib/gcc/nios2-elf/5.3.0\libgcc.a(lib2-divmod.o)
 .debug_ranges  0x0000000000000090       0x18 d:/dev/intel/18.1/nios2eds/bin/gnu/h-x86_64-mingw32/bin/../lib/gcc/nios2-elf/5.3.0/../../../../../H-x86_64-mingw32/nios2-elf/lib\libsmallc.a(lib_a-puts.o)
 .debug_ranges  0x00000000000000a8       0x18 d:/dev/intel/18.1/nios2eds/bin/gnu/h-x86_64-mingw32/bin/../lib/gcc/nios2-elf/5.3.0/../../../../../H-x86_64-mingw32/nios2-elf/lib\libsmallc.a(lib_a-rand.o)
 .debug_ranges  0x00000000000000c0       0x10 d:/dev/intel/18.1/nios2eds/bin/gnu/h-x86_64-mingw32/bin/../lib/gcc/nios2-elf/5.3.0/../../../../../H-x86_64-mingw32/nios2-elf/lib\libsmallc.a(lib_a-strlen.o)
 .debug_ranges  0x00000000000000d0       0x28 d:/dev/intel/18.1/nios2eds/bin/gnu/h-x86_64-mingw32/bin/../lib/gcc/nios2-elf/5.3.0/../../../../../H-x86_64-mingw32/nios2-elf/lib\libsmallc.a(lib_a-fvwrite_small_dev.o)
 .debug_ranges  0x00000000000000f8       0x10 d:/dev/intel/18.1/nios2eds/bin/gnu/h-x86_64-mingw32/bin/../lib/gcc/nios2-elf/5.3.0/../../../../../H-x86_64-mingw32/nios2-elf/lib\libsmallc.a(lib_a-writer.o)
 .debug_ranges  0x0000000000000108       0x18 d:/dev/intel/18.1/nios2eds/bin/gnu/h-x86_64-mingw32/bin/../lib/gcc/nios2-elf/5.3.0\libgcc.a(_muldi3.o)
 .debug_ranges  0x0000000000000120       0x58 ../test_frame_buffer_bsp/\libhal_bsp.a(alt_sys_init.o)
 .debug_ranges  0x0000000000000178       0x20 ../test_frame_buffer_bsp/\libhal_bsp.a(altera_avalon_jtag_uart_read.o)
 .debug_ranges  0x0000000000000198       0x20 ../test_frame_buffer_bsp/\libhal_bsp.a(alt_dev_llist_insert.o)
 .debug_ranges  0x00000000000001b8       0x18 ../test_frame_buffer_bsp/\libhal_bsp.a(alt_open.o)
 .debug_ranges  0x00000000000001d0       0x10 d:/dev/intel/18.1/nios2eds/bin/gnu/h-x86_64-mingw32/bin/../lib/gcc/nios2-elf/5.3.0/../../../../../H-x86_64-mingw32/nios2-elf/lib\libsmallc.a(lib_a-atexit.o)
 .debug_ranges  0x00000000000001e0       0x10 d:/dev/intel/18.1/nios2eds/bin/gnu/h-x86_64-mingw32/bin/../lib/gcc/nios2-elf/5.3.0/../../../../../H-x86_64-mingw32/nios2-elf/lib\libsmallc.a(lib_a-exit.o)
 .debug_ranges  0x00000000000001f0       0x10 d:/dev/intel/18.1/nios2eds/bin/gnu/h-x86_64-mingw32/bin/../lib/gcc/nios2-elf/5.3.0/../../../../../H-x86_64-mingw32/nios2-elf/lib\libsmallc.a(lib_a-memcmp.o)
 .debug_ranges  0x0000000000000200       0x10 d:/dev/intel/18.1/nios2eds/bin/gnu/h-x86_64-mingw32/bin/../lib/gcc/nios2-elf/5.3.0/../../../../../H-x86_64-mingw32/nios2-elf/lib\libsmallc.a(lib_a-__atexit.o)
 .debug_ranges  0x0000000000000210       0x28 d:/dev/intel/18.1/nios2eds/bin/gnu/h-x86_64-mingw32/bin/../lib/gcc/nios2-elf/5.3.0/../../../../../H-x86_64-mingw32/nios2-elf/lib\libsmallc.a(lib_a-__call_atexit.o)
